Archive member included to satisfy reference by file (symbol)

/home/petro/gcc-arm-none-eabi-9-2020-q2-update/bin/../lib/gcc/arm-none-eabi/9.3.1/thumb/v7e-m+fp/hard/libgcc.a(_aeabi_ldivmod.o)
                              CMakeFiles/freertos_template.elf.dir/home/petro/SDK_2.8.2_EVK-MIMXRT1010/devices/MIMXRT1011/system_MIMXRT1011.c.obj (__aeabi_ldivmod)
/home/petro/gcc-arm-none-eabi-9-2020-q2-update/bin/../lib/gcc/arm-none-eabi/9.3.1/thumb/v7e-m+fp/hard/libgcc.a(_aeabi_uldivmod.o)
                              CMakeFiles/freertos_template.elf.dir/home/petro/SDK_2.8.2_EVK-MIMXRT1010/devices/MIMXRT1011/drivers/fsl_clock.c.obj (__aeabi_uldivmod)
/home/petro/gcc-arm-none-eabi-9-2020-q2-update/bin/../lib/gcc/arm-none-eabi/9.3.1/thumb/v7e-m+fp/hard/libgcc.a(_udivmoddi4.o)
                              /home/petro/gcc-arm-none-eabi-9-2020-q2-update/bin/../lib/gcc/arm-none-eabi/9.3.1/thumb/v7e-m+fp/hard/libgcc.a(_aeabi_ldivmod.o) (__udivmoddi4)
/home/petro/gcc-arm-none-eabi-9-2020-q2-update/bin/../lib/gcc/arm-none-eabi/9.3.1/thumb/v7e-m+fp/hard/libgcc.a(_dvmd_tls.o)
                              /home/petro/gcc-arm-none-eabi-9-2020-q2-update/bin/../lib/gcc/arm-none-eabi/9.3.1/thumb/v7e-m+fp/hard/libgcc.a(_aeabi_ldivmod.o) (__aeabi_ldiv0)
/home/petro/gcc-arm-none-eabi-9-2020-q2-update/bin/../lib/gcc/arm-none-eabi/9.3.1/../../../../arm-none-eabi/lib/thumb/v7e-m+fp/hard/libc_nano.a(lib_a-errno.o)
                              CMakeFiles/freertos_template.elf.dir/home/petro/SDK_2.8.2_EVK-MIMXRT1010/devices/MIMXRT1011/utilities/fsl_sbrk.c.obj (__errno)
/home/petro/gcc-arm-none-eabi-9-2020-q2-update/bin/../lib/gcc/arm-none-eabi/9.3.1/../../../../arm-none-eabi/lib/thumb/v7e-m+fp/hard/libc_nano.a(lib_a-exit.o)
                              /home/petro/gcc-arm-none-eabi-9-2020-q2-update/bin/../lib/gcc/arm-none-eabi/9.3.1/../../../../arm-none-eabi/lib/thumb/v7e-m+fp/hard/crt0.o (exit)
/home/petro/gcc-arm-none-eabi-9-2020-q2-update/bin/../lib/gcc/arm-none-eabi/9.3.1/../../../../arm-none-eabi/lib/thumb/v7e-m+fp/hard/libc_nano.a(lib_a-impure.o)
                              /home/petro/gcc-arm-none-eabi-9-2020-q2-update/bin/../lib/gcc/arm-none-eabi/9.3.1/../../../../arm-none-eabi/lib/thumb/v7e-m+fp/hard/libc_nano.a(lib_a-exit.o) (_global_impure_ptr)
/home/petro/gcc-arm-none-eabi-9-2020-q2-update/bin/../lib/gcc/arm-none-eabi/9.3.1/../../../../arm-none-eabi/lib/thumb/v7e-m+fp/hard/libc_nano.a(lib_a-init.o)
                              /home/petro/gcc-arm-none-eabi-9-2020-q2-update/bin/../lib/gcc/arm-none-eabi/9.3.1/../../../../arm-none-eabi/lib/thumb/v7e-m+fp/hard/crt0.o (__libc_init_array)
/home/petro/gcc-arm-none-eabi-9-2020-q2-update/bin/../lib/gcc/arm-none-eabi/9.3.1/../../../../arm-none-eabi/lib/thumb/v7e-m+fp/hard/libc_nano.a(lib_a-malloc.o)
                              CMakeFiles/freertos_template.elf.dir/home/petro/SDK_2.8.2_EVK-MIMXRT1010/devices/MIMXRT1011/drivers/fsl_common.c.obj (malloc)
/home/petro/gcc-arm-none-eabi-9-2020-q2-update/bin/../lib/gcc/arm-none-eabi/9.3.1/../../../../arm-none-eabi/lib/thumb/v7e-m+fp/hard/libc_nano.a(lib_a-memcpy-stub.o)
                              CMakeFiles/freertos_template.elf.dir/home/petro/SDK_2.8.2_EVK-MIMXRT1010/rtos/freertos/freertos_kernel/queue.c.obj (memcpy)
/home/petro/gcc-arm-none-eabi-9-2020-q2-update/bin/../lib/gcc/arm-none-eabi/9.3.1/../../../../arm-none-eabi/lib/thumb/v7e-m+fp/hard/libc_nano.a(lib_a-memset.o)
                              /home/petro/gcc-arm-none-eabi-9-2020-q2-update/bin/../lib/gcc/arm-none-eabi/9.3.1/../../../../arm-none-eabi/lib/thumb/v7e-m+fp/hard/crt0.o (memset)
/home/petro/gcc-arm-none-eabi-9-2020-q2-update/bin/../lib/gcc/arm-none-eabi/9.3.1/../../../../arm-none-eabi/lib/thumb/v7e-m+fp/hard/libc_nano.a(lib_a-nano-freer.o)
                              /home/petro/gcc-arm-none-eabi-9-2020-q2-update/bin/../lib/gcc/arm-none-eabi/9.3.1/../../../../arm-none-eabi/lib/thumb/v7e-m+fp/hard/libc_nano.a(lib_a-malloc.o) (_free_r)
/home/petro/gcc-arm-none-eabi-9-2020-q2-update/bin/../lib/gcc/arm-none-eabi/9.3.1/../../../../arm-none-eabi/lib/thumb/v7e-m+fp/hard/libc_nano.a(lib_a-nano-mallocr.o)
                              /home/petro/gcc-arm-none-eabi-9-2020-q2-update/bin/../lib/gcc/arm-none-eabi/9.3.1/../../../../arm-none-eabi/lib/thumb/v7e-m+fp/hard/libc_nano.a(lib_a-malloc.o) (_malloc_r)
/home/petro/gcc-arm-none-eabi-9-2020-q2-update/bin/../lib/gcc/arm-none-eabi/9.3.1/../../../../arm-none-eabi/lib/thumb/v7e-m+fp/hard/libc_nano.a(lib_a-sbrkr.o)
                              /home/petro/gcc-arm-none-eabi-9-2020-q2-update/bin/../lib/gcc/arm-none-eabi/9.3.1/../../../../arm-none-eabi/lib/thumb/v7e-m+fp/hard/libc_nano.a(lib_a-nano-mallocr.o) (_sbrk_r)
/home/petro/gcc-arm-none-eabi-9-2020-q2-update/bin/../lib/gcc/arm-none-eabi/9.3.1/../../../../arm-none-eabi/lib/thumb/v7e-m+fp/hard/libc_nano.a(lib_a-strlen.o)
[...]
Memory Configuration

Name             Origin             Length             Attributes
m_interrupts     0x0000000000000000 0x0000000000000400 xr
m_text           0x0000000000000400 0x0000000000007c00 xr
m_data           0x0000000020000000 0x0000000000008000 rw
m_data2          0x0000000020200000 0x0000000000010000 rw
*default*        0x0000000000000000 0xffffffffffffffff

Linker script and memory map

LOAD /home/petro/gcc-arm-none-eabi-9-2020-q2-update/bin/../lib/gcc/arm-none-eabi/9.3.1/thumb/v7e-m+fp/hard/crti.o
LOAD /home/petro/gcc-arm-none-eabi-9-2020-q2-update/bin/../lib/gcc/arm-none-eabi/9.3.1/thumb/v7e-m+fp/hard/crtbegin.o
LOAD /home/petro/gcc-arm-none-eabi-9-2020-q2-update/bin/../lib/gcc/arm-none-eabi/9.3.1/../../../../arm-none-eabi/lib/thumb/v7e-m+fp/hard/crt0.o
LOAD CMakeFiles/freertos_template.elf.dir/home/petro/SDK_2.8.2_EVK-MIMXRT1010/rtos/freertos/freertos_kernel/croutine.c.obj
LOAD CMakeFiles/freertos_template.elf.dir/home/petro/SDK_2.8.2_EVK-MIMXRT1010/rtos/freertos/freertos_kernel/event_groups.c.obj
LOAD CMakeFiles/freertos_template.elf.dir/home/petro/SDK_2.8.2_EVK-MIMXRT1010/rtos/freertos/freertos_kernel/list.c.obj
LOAD CMakeFiles/freertos_template.elf.dir/home/petro/SDK_2.8.2_EVK-MIMXRT1010/rtos/freertos/freertos_kernel/portable/GCC/ARM_CM4F/port.c.obj
LOAD CMakeFiles/freertos_template.elf.dir/home/petro/SDK_2.8.2_EVK-MIMXRT1010/rtos/freertos/freertos_kernel/portable/MemMang/heap_4.c.obj
LOAD CMakeFiles/freertos_template.elf.dir/home/petro/SDK_2.8.2_EVK-MIMXRT1010/rtos/freertos/freertos_kernel/queue.c.obj
LOAD CMakeFiles/freertos_template.elf.dir/home/petro/SDK_2.8.2_EVK-MIMXRT1010/rtos/freertos/freertos_kernel/stream_buffer.c.obj
LOAD CMakeFiles/freertos_template.elf.dir/home/petro/SDK_2.8.2_EVK-MIMXRT1010/rtos/freertos/freertos_kernel/tasks.c.obj
LOAD CMakeFiles/freertos_template.elf.dir/home/petro/SDK_2.8.2_EVK-MIMXRT1010/rtos/freertos/freertos_kernel/timers.c.obj
LOAD CMakeFiles/freertos_template.elf.dir/home/petro/MCUXpressoSDK/freertos_template/user/main.cpp.obj
LOAD CMakeFiles/freertos_template.elf.dir/home/petro/MCUXpressoSDK/freertos_template/board/pin_mux.c.obj
LOAD CMakeFiles/freertos_template.elf.dir/home/petro/MCUXpressoSDK/freertos_template/board/peripherals.c.obj
LOAD CMakeFiles/freertos_template.elf.dir/home/petro/MCUXpressoSDK/freertos_template/board/clock_config.c.obj
LOAD CMakeFiles/freertos_template.elf.dir/home/petro/SDK_2.8.2_EVK-MIMXRT1010/devices/MIMXRT1011/drivers/fsl_clock.c.obj
LOAD CMakeFiles/freertos_template.elf.dir/home/petro/SDK_2.8.2_EVK-MIMXRT1010/devices/MIMXRT1011/drivers/fsl_common.c.obj
LOAD CMakeFiles/freertos_template.elf.dir/home/petro/SDK_2.8.2_EVK-MIMXRT1010/devices/MIMXRT1011/drivers/fsl_lpi2c.c.obj
LOAD CMakeFiles/freertos_template.elf.dir/home/petro/SDK_2.8.2_EVK-MIMXRT1010/devices/MIMXRT1011/drivers/fsl_lpuart.c.obj
LOAD CMakeFiles/freertos_template.elf.dir/home/petro/SDK_2.8.2_EVK-MIMXRT1010/devices/MIMXRT1011/drivers/fsl_gpio.c.obj
LOAD CMakeFiles/freertos_template.elf.dir/home/petro/SDK_2.8.2_EVK-MIMXRT1010/devices/MIMXRT1011/drivers/fsl_flexspi.c.obj
LOAD CMakeFiles/freertos_template.elf.dir/home/petro/SDK_2.8.2_EVK-MIMXRT1010/devices/MIMXRT1011/drivers/fsl_adc.c.obj
LOAD CMakeFiles/freertos_template.elf.dir/home/petro/SDK_2.8.2_EVK-MIMXRT1010/devices/MIMXRT1011/system_MIMXRT1011.c.obj
LOAD CMakeFiles/freertos_template.elf.dir/home/petro/SDK_2.8.2_EVK-MIMXRT1010/devices/MIMXRT1011/gcc/startup_MIMXRT1011.S.obj
LOAD CMakeFiles/freertos_template.elf.dir/home/petro/SDK_2.8.2_EVK-MIMXRT1010/devices/MIMXRT1011/utilities/str/fsl_str.c.obj
LOAD CMakeFiles/freertos_template.elf.dir/home/petro/SDK_2.8.2_EVK-MIMXRT1010/devices/MIMXRT1011/utilities/debug_console/fsl_debug_console.c.obj
LOAD CMakeFiles/freertos_template.elf.dir/home/petro/SDK_2.8.2_EVK-MIMXRT1010/devices/MIMXRT1011/utilities/fsl_assert.c.obj
LOAD CMakeFiles/freertos_template.elf.dir/home/petro/SDK_2.8.2_EVK-MIMXRT1010/devices/MIMXRT1011/utilities/fsl_sbrk.c.obj
LOAD CMakeFiles/freertos_template.elf.dir/home/petro/SDK_2.8.2_EVK-MIMXRT1010/devices/MIMXRT1011/xip/fsl_flexspi_nor_boot.c.obj
LOAD CMakeFiles/freertos_template.elf.dir/home/petro/SDK_2.8.2_EVK-MIMXRT1010/boards/evkmimxrt1010/xip/evkmimxrt1010_flexspi_nor_config.c.obj
LOAD CMakeFiles/freertos_template.elf.dir/home/petro/SDK_2.8.2_EVK-MIMXRT1010/components/uart/lpuart_adapter.c.obj
LOAD CMakeFiles/freertos_template.elf.dir/home/petro/SDK_2.8.2_EVK-MIMXRT1010/components/serial_manager/serial_manager.c.obj
LOAD CMakeFiles/freertos_template.elf.dir/home/petro/SDK_2.8.2_EVK-MIMXRT1010/components/lists/generic_list.c.obj
LOAD CMakeFiles/freertos_template.elf.dir/home/petro/SDK_2.8.2_EVK-MIMXRT1010/components/serial_manager/serial_port_uart.c.obj
START GROUP
LOAD /home/petro/gcc-arm-none-eabi-9-2020-q2-update/bin/../lib/gcc/arm-none-eabi/9.3.1/thumb/v7e-m+fp/hard/libgcc.a
LOAD /home/petro/gcc-arm-none-eabi-9-2020-q2-update/bin/../lib/gcc/arm-none-eabi/9.3.1/../../../../arm-none-eabi/lib/thumb/v7e-m+fp/hard/libnosys.a
LOAD /home/petro/gcc-arm-none-eabi-9-2020-q2-update/bin/../lib/gcc/arm-none-eabi/9.3.1/../../../../arm-none-eabi/lib/thumb/v7e-m+fp/hard/libm.a
LOAD /home/petro/gcc-arm-none-eabi-9-2020-q2-update/bin/../lib/gcc/arm-none-eabi/9.3.1/../../../../arm-none-eabi/lib/thumb/v7e-m+fp/hard/libc_nano.a
LOAD /home/petro/gcc-arm-none-eabi-9-2020-q2-update/bin/../lib/gcc/arm-none-eabi/9.3.1/thumb/v7e-m+fp/hard/libgcc.a
LOAD /home/petro/gcc-arm-none-eabi-9-2020-q2-update/bin/../lib/gcc/arm-none-eabi/9.3.1/../../../../arm-none-eabi/lib/thumb/v7e-m+fp/hard/libnosys.a
LOAD /home/petro/gcc-arm-none-eabi-9-2020-q2-update/bin/../lib/gcc/arm-none-eabi/9.3.1/../../../../arm-none-eabi/lib/thumb/v7e-m+fp/hard/libm.a
LOAD /home/petro/gcc-arm-none-eabi-9-2020-q2-update/bin/../lib/gcc/arm-none-eabi/9.3.1/../../../../arm-none-eabi/lib/thumb/v7e-m+fp/hard/libc_nano.a
LOAD /home/petro/gcc-arm-none-eabi-9-2020-q2-update/bin/../lib/gcc/arm-none-eabi/9.3.1/thumb/v7e-m+fp/hard/libgcc.a
LOAD /home/petro/gcc-arm-none-eabi-9-2020-q2-update/bin/../lib/gcc/arm-none-eabi/9.3.1/../../../../arm-none-eabi/lib/thumb/v7e-m+fp/hard/libnosys.a
END GROUP
LOAD /home/petro/gcc-arm-none-eabi-9-2020-q2-update/bin/../lib/gcc/arm-none-eabi/9.3.1/../../../../arm-none-eabi/lib/thumb/v7e-m+fp/hard/libm.a
LOAD /home/petro/gcc-arm-none-eabi-9-2020-q2-update/bin/../lib/gcc/arm-none-eabi/9.3.1/../../../../arm-none-eabi/lib/thumb/v7e-m+fp/hard/libc_nano.a
LOAD /home/petro/gcc-arm-none-eabi-9-2020-q2-update/bin/../lib/gcc/arm-none-eabi/9.3.1/thumb/v7e-m+fp/hard/libgcc.a
LOAD /home/petro/gcc-arm-none-eabi-9-2020-q2-update/bin/../lib/gcc/arm-none-eabi/9.3.1/../../../../arm-none-eabi/lib/thumb/v7e-m+fp/hard/libnosys.a
LOAD /home/petro/gcc-arm-none-eabi-9-2020-q2-update/bin/../lib/gcc/arm-none-eabi/9.3.1/../../../../arm-none-eabi/lib/thumb/v7e-m+fp/hard/libstdc++_nano.a
LOAD /home/petro/gcc-arm-none-eabi-9-2020-q2-update/bin/../lib/gcc/arm-none-eabi/9.3.1/../../../../arm-none-eabi/lib/thumb/v7e-m+fp/hard/libm.a
LOAD /home/petro/gcc-arm-none-eabi-9-2020-q2-update/bin/../lib/gcc/arm-none-eabi/9.3.1/../../../../arm-none-eabi/lib/thumb/v7e-m+fp/hard/libc_nano.a
START GROUP
LOAD /home/petro/gcc-arm-none-eabi-9-2020-q2-update/bin/../lib/gcc/arm-none-eabi/9.3.1/thumb/v7e-m+fp/hard/libgcc.a
LOAD /home/petro/gcc-arm-none-eabi-9-2020-q2-update/bin/../lib/gcc/arm-none-eabi/9.3.1/../../../../arm-none-eabi/lib/thumb/v7e-m+fp/hard/libc_nano.a
END GROUP
START GROUP
LOAD /home/petro/gcc-arm-none-eabi-9-2020-q2-update/bin/../lib/gcc/arm-none-eabi/9.3.1/thumb/v7e-m+fp/hard/libgcc.a
LOAD /home/petro/gcc-arm-none-eabi-9-2020-q2-update/bin/../lib/gcc/arm-none-eabi/9.3.1/../../../../arm-none-eabi/lib/thumb/v7e-m+fp/hard/libc_nano.a
LOAD /home/petro/gcc-arm-none-eabi-9-2020-q2-update/bin/../lib/gcc/arm-none-eabi/9.3.1/../../../../arm-none-eabi/lib/thumb/v7e-m+fp/hard/libnosys.a
END GROUP
START GROUP
LOAD /home/petro/gcc-arm-none-eabi-9-2020-q2-update/bin/../lib/gcc/arm-none-eabi/9.3.1/thumb/v7e-m+fp/hard/libgcc.a
LOAD /home/petro/gcc-arm-none-eabi-9-2020-q2-update/bin/../lib/gcc/arm-none-eabi/9.3.1/../../../../arm-none-eabi/lib/thumb/v7e-m+fp/hard/libc_nano.a
LOAD /home/petro/gcc-arm-none-eabi-9-2020-q2-update/bin/../lib/gcc/arm-none-eabi/9.3.1/../../../../arm-none-eabi/lib/thumb/v7e-m+fp/hard/libnosys.a
END GROUP
LOAD /home/petro/gcc-arm-none-eabi-9-2020-q2-update/bin/../lib/gcc/arm-none-eabi/9.3.1/thumb/v7e-m+fp/hard/crtend.o
LOAD /home/petro/gcc-arm-none-eabi-9-2020-q2-update/bin/../lib/gcc/arm-none-eabi/9.3.1/thumb/v7e-m+fp/hard/crtn.o
                0x0000000000000400                HEAP_SIZE = DEFINED (__heap_size__)?__heap_size__:0x400
                0x0000000000000400                STACK_SIZE = DEFINED (__stack_size__)?__stack_size__:0x400
                0x0000000020200000                __NCACHE_REGION_START = ORIGIN (m_data2)
                0x0000000000000000                __NCACHE_REGION_SIZE = 0x0

.interrupts     0x0000000000000000      0x400
                0x0000000000000000                __VECTOR_TABLE = .
                0x0000000000000000                __Vectors = .
                0x0000000000000000                . = ALIGN (0x4)
 *(.isr_vector)
 .isr_vector    0x0000000000000000      0x400 CMakeFiles/freertos_template.elf.dir/home/petro/SDK_2.8.2_EVK-MIMXRT1010/devices/MIMXRT1011/gcc/startup_MIMXRT1011.S.obj
                0x0000000000000000                __isr_vector
                0x0000000000000400                . = ALIGN (0x4)

.text           0x0000000000000400     0x2ce4
                0x0000000000000400                . = ALIGN (0x4)
 *(.text)
 .text          0x0000000000000400       0x40 /home/petro/gcc-arm-none-eabi-9-2020-q2-update/bin/../lib/gcc/arm-none-eabi/9.3.1/thumb/v7e-m+fp/hard/crtbegin.o
 .text          0x0000000000000440       0x7c /home/petro/gcc-arm-none-eabi-9-2020-q2-update/bin/../lib/gcc/arm-none-eabi/9.3.1/../../../../arm-none-eabi/lib/thumb/v7e-m+fp/hard/crt0.o
                0x0000000000000440                _stack_init
                0x0000000000000448                _mainCRTStartup
                0x0000000000000448                _start
 .text          0x00000000000004bc      0x1b0 CMakeFiles/freertos_template.elf.dir/home/petro/SDK_2.8.2_EVK-MIMXRT1010/devices/MIMXRT1011/gcc/startup_MIMXRT1011.S.obj
                0x00000000000004bc                Reset_Handler
                0x0000000000000548                LPSPI2_DriverIRQHandler
                0x0000000000000548                ADC_ETC_IRQ0_IRQHandler
                0x0000000000000548                DebugMon_Handler
                0x0000000000000548                SAI3_RX_DriverIRQHandler
                0x0000000000000548                DMA0_DriverIRQHandler
                0x0000000000000548                DMA12_DriverIRQHandler
                0x0000000000000548                SRC_IRQHandler
                0x0000000000000548                GPIO2_Combined_0_15_IRQHandler
                0x0000000000000548                SPDIF_DriverIRQHandler
                0x0000000000000548                SNVS_LP_WRAPPER_IRQHandler
                0x0000000000000548                CCM_1_IRQHandler
                0x0000000000000548                ADC_ETC_IRQ1_IRQHandler
                0x0000000000000548                CTI0_ERROR_IRQHandler
                0x0000000000000548                ADC_ETC_IRQ3_IRQHandler
                0x0000000000000548                GPIO5_Combined_0_15_IRQHandler
                0x0000000000000548                PWM1_0_IRQHandler
                0x0000000000000548                Reserved68_IRQHandler
                0x0000000000000548                DMA6_DriverIRQHandler
                0x0000000000000548                DCP_VMI_IRQHandler
                0x0000000000000548                UsageFault_Handler
                0x0000000000000548                WDOG1_IRQHandler
                0x0000000000000548                GPT1_IRQHandler
                0x0000000000000548                DefaultISR
                0x0000000000000548                PWM1_1_IRQHandler
                0x0000000000000548                DMA11_DriverIRQHandler
                0x0000000000000548                Reserved71_IRQHandler
                0x0000000000000548                DMA10_DriverIRQHandler
                0x0000000000000548                CSU_IRQHandler
                0x0000000000000548                Reserved70_IRQHandler
                0x0000000000000548                ADC1_IRQHandler
                0x0000000000000548                DMA5_DriverIRQHandler
                0x0000000000000548                DMA4_DriverIRQHandler
                0x0000000000000548                FLEXIO1_DriverIRQHandler
                0x0000000000000548                GPIO1_Combined_16_31_IRQHandler
                0x0000000000000548                RTWDOG_IRQHandler
                0x0000000000000548                SAI1_DriverIRQHandler
                0x0000000000000548                EWM_IRQHandler
                0x0000000000000548                TEMP_LOW_HIGH_IRQHandler
                0x0000000000000548                DMA3_DriverIRQHandler
                0x0000000000000548                WDOG2_IRQHandler
                0x0000000000000548                CORE_IRQHandler
                0x0000000000000548                TEMP_PANIC_IRQHandler
                0x0000000000000548                DMA9_DriverIRQHandler
                0x0000000000000548                DMA8_DriverIRQHandler
                0x0000000000000548                PWM1_2_IRQHandler
                0x0000000000000548                GPR_IRQ_IRQHandler
                0x0000000000000548                GPC_IRQHandler
                0x0000000000000548                DCDC_IRQHandler
                0x0000000000000548                DMA14_DriverIRQHandler
                0x0000000000000548                USB_OTG1_IRQHandler
                0x0000000000000548                ADC_ETC_ERROR_IRQ_IRQHandler
                0x0000000000000548                ADC_ETC_IRQ2_IRQHandler
                0x0000000000000548                CCM_2_IRQHandler
                0x0000000000000548                KPP_IRQHandler
                0x0000000000000548                MemManage_Handler
                0x0000000000000548                PIT_IRQHandler
                0x0000000000000548                SNVS_HP_WRAPPER_IRQHandler
                0x0000000000000548                DMA1_DriverIRQHandler
                0x0000000000000548                DCP_IRQHandler
                0x0000000000000548                GPIO1_Combined_0_15_IRQHandler
                0x0000000000000548                LPSPI1_DriverIRQHandler
                0x0000000000000548                DMA13_DriverIRQHandler
                0x0000000000000548                PWM1_FAULT_IRQHandler
                0x0000000000000548                DMA15_DriverIRQHandler
                0x0000000000000548                PMU_IRQHandler
                0x0000000000000548                SNVS_HP_WRAPPER_TZ_IRQHandler
                0x0000000000000548                SAI3_TX_DriverIRQHandler
                0x0000000000000548                GPT2_IRQHandler
                0x0000000000000548                FLEXRAM_IRQHandler
                0x0000000000000548                USB_PHY_IRQHandler
                0x0000000000000548                BusFault_Handler
                0x0000000000000548                DMA2_DriverIRQHandler
                0x0000000000000548                DMA_ERROR_DriverIRQHandler
                0x0000000000000548                DMA7_DriverIRQHandler
                0x0000000000000548                TRNG_IRQHandler
                0x0000000000000548                XBAR1_IRQ_0_1_2_3_IRQHandler
                0x0000000000000548                CTI1_ERROR_IRQHandler
                0x0000000000000548                PWM1_3_IRQHandler
                0x000000000000054c                NMI_Handler
                0x0000000000000550                HardFault_Handler
                0x0000000000000560                DMA0_IRQHandler
                0x0000000000000564                DMA1_IRQHandler
                0x0000000000000568                DMA2_IRQHandler
                0x000000000000056c                DMA3_IRQHandler
                0x0000000000000570                DMA4_IRQHandler
                0x0000000000000574                DMA5_IRQHandler
                0x0000000000000578                DMA6_IRQHandler
                0x000000000000057c                DMA7_IRQHandler
                0x0000000000000580                DMA8_IRQHandler
                0x0000000000000584                DMA9_IRQHandler
                0x0000000000000588                DMA10_IRQHandler
                0x000000000000058c                DMA11_IRQHandler
                0x0000000000000590                DMA12_IRQHandler
                0x0000000000000594                DMA13_IRQHandler
                0x0000000000000598                DMA14_IRQHandler
                0x000000000000059c                DMA15_IRQHandler
                0x00000000000005a0                DMA_ERROR_IRQHandler
                0x00000000000005a4                LPUART1_IRQHandler
                0x00000000000005a8                LPUART2_IRQHandler
                0x00000000000005ac                LPUART3_IRQHandler
                0x00000000000005b0                LPUART4_IRQHandler
                0x00000000000005b4                FLEXSPI_IRQHandler
                0x00000000000005b8                LPI2C1_IRQHandler
                0x00000000000005bc                LPI2C2_IRQHandler
                0x00000000000005c0                LPSPI1_IRQHandler
                0x00000000000005c4                LPSPI2_IRQHandler
                0x00000000000005c8                SAI1_IRQHandler
                0x00000000000005cc                SAI3_RX_IRQHandler
                0x00000000000005d0                SAI3_TX_IRQHandler
                0x00000000000005d4                SPDIF_IRQHandler
                0x00000000000005d8                FLEXIO1_IRQHandler
 .text          0x000000000000066c       0x10 /home/petro/gcc-arm-none-eabi-9-2020-q2-update/bin/../lib/gcc/arm-none-eabi/9.3.1/../../../../arm-none-eabi/lib/thumb/v7e-m+fp/hard/libc_nano.a(lib_a-strlen.o)
                0x000000000000066c                strlen
 *(.text*)
 .text.vListInitialise
                0x000000000000067c       0x16 CMakeFiles/freertos_template.elf.dir/home/petro/SDK_2.8.2_EVK-MIMXRT1010/rtos/freertos/freertos_kernel/list.c.obj
                0x000000000000067c                vListInitialise
 .text.vListInitialiseItem
                0x0000000000000692        0x6 CMakeFiles/freertos_template.elf.dir/home/petro/SDK_2.8.2_EVK-MIMXRT1010/rtos/freertos/freertos_kernel/list.c.obj
                0x0000000000000692                vListInitialiseItem
 .text.vListInsertEnd
                0x0000000000000698       0x18 CMakeFiles/freertos_template.elf.dir/home/petro/SDK_2.8.2_EVK-MIMXRT1010/rtos/freertos/freertos_kernel/list.c.obj
                0x0000000000000698                vListInsertEnd
 .text.vListInsert
                0x00000000000006b0       0x2e CMakeFiles/freertos_template.elf.dir/home/petro/SDK_2.8.2_EVK-MIMXRT1010/rtos/freertos/freertos_kernel/list.c.obj
                0x00000000000006b0                vListInsert
 .text.uxListRemove
                0x00000000000006de       0x20 CMakeFiles/freertos_template.elf.dir/home/petro/SDK_2.8.2_EVK-MIMXRT1010/rtos/freertos/freertos_kernel/list.c.obj
                0x00000000000006de                uxListRemove
 *fill*         0x00000000000006fe        0x2 
 .text.prvPortStartFirstTask
                0x0000000000000700       0x28 CMakeFiles/freertos_template.elf.dir/home/petro/SDK_2.8.2_EVK-MIMXRT1010/rtos/freertos/freertos_kernel/portable/GCC/ARM_CM4F/port.c.obj
 .text.vPortEnableVFP
                0x0000000000000728       0x14 CMakeFiles/freertos_template.elf.dir/home/petro/SDK_2.8.2_EVK-MIMXRT1010/rtos/freertos/freertos_kernel/portable/GCC/ARM_CM4F/port.c.obj
 .text.prvTaskExitError
                0x000000000000073c       0x40 CMakeFiles/freertos_template.elf.dir/home/petro/SDK_2.8.2_EVK-MIMXRT1010/rtos/freertos/freertos_kernel/portable/GCC/ARM_CM4F/port.c.obj
 .text.pxPortInitialiseStack
                0x000000000000077c       0x24 CMakeFiles/freertos_template.elf.dir/home/petro/SDK_2.8.2_EVK-MIMXRT1010/rtos/freertos/freertos_kernel/portable/GCC/ARM_CM4F/port.c.obj
                0x000000000000077c                pxPortInitialiseStack
 .text.SVC_Handler
                0x00000000000007a0       0x24 CMakeFiles/freertos_template.elf.dir/home/petro/SDK_2.8.2_EVK-MIMXRT1010/rtos/freertos/freertos_kernel/portable/GCC/ARM_CM4F/port.c.obj
                0x00000000000007a0                SVC_Handler
 .text.vPortEnterCritical
                0x00000000000007c4       0x44 CMakeFiles/freertos_template.elf.dir/home/petro/SDK_2.8.2_EVK-MIMXRT1010/rtos/freertos/freertos_kernel/portable/GCC/ARM_CM4F/port.c.obj
                0x00000000000007c4                vPortEnterCritical
 .text.vPortExitCritical
                0x0000000000000808       0x28 CMakeFiles/freertos_template.elf.dir/home/petro/SDK_2.8.2_EVK-MIMXRT1010/rtos/freertos/freertos_kernel/portable/GCC/ARM_CM4F/port.c.obj
                0x0000000000000808                vPortExitCritical
 .text.PendSV_Handler
                0x0000000000000830       0x64 CMakeFiles/freertos_template.elf.dir/home/petro/SDK_2.8.2_EVK-MIMXRT1010/rtos/freertos/freertos_kernel/portable/GCC/ARM_CM4F/port.c.obj
                0x0000000000000830                PendSV_Handler
 .text.SysTick_Handler
                0x0000000000000894       0x2c CMakeFiles/freertos_template.elf.dir/home/petro/SDK_2.8.2_EVK-MIMXRT1010/rtos/freertos/freertos_kernel/portable/GCC/ARM_CM4F/port.c.obj
                0x0000000000000894                SysTick_Handler
 .text.vPortSetupTimerInterrupt
                0x00000000000008c0       0x30 CMakeFiles/freertos_template.elf.dir/home/petro/SDK_2.8.2_EVK-MIMXRT1010/rtos/freertos/freertos_kernel/portable/GCC/ARM_CM4F/port.c.obj
                0x00000000000008c0                vPortSetupTimerInterrupt
 .text.xPortStartScheduler
                0x00000000000008f0      0x104 CMakeFiles/freertos_template.elf.dir/home/petro/SDK_2.8.2_EVK-MIMXRT1010/rtos/freertos/freertos_kernel/portable/GCC/ARM_CM4F/port.c.obj
                0x00000000000008f0                xPortStartScheduler
 .text.vPortValidateInterruptPriority
                0x00000000000009f4       0x5c CMakeFiles/freertos_template.elf.dir/home/petro/SDK_2.8.2_EVK-MIMXRT1010/rtos/freertos/freertos_kernel/portable/GCC/ARM_CM4F/port.c.obj
                0x00000000000009f4                vPortValidateInterruptPriority
 .text.prvInsertBlockIntoFreeList
                0x0000000000000a50       0x48 CMakeFiles/freertos_template.elf.dir/home/petro/SDK_2.8.2_EVK-MIMXRT1010/rtos/freertos/freertos_kernel/portable/MemMang/heap_4.c.obj
 .text.pvPortMalloc
                0x0000000000000a98      0x124 CMakeFiles/freertos_template.elf.dir/home/petro/SDK_2.8.2_EVK-MIMXRT1010/rtos/freertos/freertos_kernel/portable/MemMang/heap_4.c.obj
                0x0000000000000a98                pvPortMalloc
 .text.vPortFree
                0x0000000000000bbc       0x7c CMakeFiles/freertos_template.elf.dir/home/petro/SDK_2.8.2_EVK-MIMXRT1010/rtos/freertos/freertos_kernel/portable/MemMang/heap_4.c.obj
                0x0000000000000bbc                vPortFree
 .text.prvIsQueueEmpty
                0x0000000000000c38       0x16 CMakeFiles/freertos_template.elf.dir/home/petro/SDK_2.8.2_EVK-MIMXRT1010/rtos/freertos/freertos_kernel/queue.c.obj
 .text.prvCopyDataToQueue
                0x0000000000000c4e       0x6a CMakeFiles/freertos_template.elf.dir/home/petro/SDK_2.8.2_EVK-MIMXRT1010/rtos/freertos/freertos_kernel/queue.c.obj
 .text.prvCopyDataFromQueue
                0x0000000000000cb8       0x2a CMakeFiles/freertos_template.elf.dir/home/petro/SDK_2.8.2_EVK-MIMXRT1010/rtos/freertos/freertos_kernel/queue.c.obj
 .text.prvUnlockQueue
                0x0000000000000ce2       0x70 CMakeFiles/freertos_template.elf.dir/home/petro/SDK_2.8.2_EVK-MIMXRT1010/rtos/freertos/freertos_kernel/queue.c.obj
 *fill*         0x0000000000000d52        0x2 
 .text.xQueueGenericReset
                0x0000000000000d54       0x80 CMakeFiles/freertos_template.elf.dir/home/petro/SDK_2.8.2_EVK-MIMXRT1010/rtos/freertos/freertos_kernel/queue.c.obj
                0x0000000000000d54                xQueueGenericReset
 .text.xQueueGenericCreate
                0x0000000000000dd4       0x48 CMakeFiles/freertos_template.elf.dir/home/petro/SDK_2.8.2_EVK-MIMXRT1010/rtos/freertos/freertos_kernel/queue.c.obj
                0x0000000000000dd4                xQueueGenericCreate
 .text.xQueueGenericSend
                0x0000000000000e1c      0x164 CMakeFiles/freertos_template.elf.dir/home/petro/SDK_2.8.2_EVK-MIMXRT1010/rtos/freertos/freertos_kernel/queue.c.obj
                0x0000000000000e1c                xQueueGenericSend
 .text.xQueueGenericSendFromISR
                0x0000000000000f80       0xc4 CMakeFiles/freertos_template.elf.dir/home/petro/SDK_2.8.2_EVK-MIMXRT1010/rtos/freertos/freertos_kernel/queue.c.obj
                0x0000000000000f80                xQueueGenericSendFromISR
 .text.xQueueReceive
                0x0000000000001044      0x140 CMakeFiles/freertos_template.elf.dir/home/petro/SDK_2.8.2_EVK-MIMXRT1010/rtos/freertos/freertos_kernel/queue.c.obj
                0x0000000000001044                xQueueReceive
 .text.vQueueAddToRegistry
                0x0000000000001184       0x24 CMakeFiles/freertos_template.elf.dir/home/petro/SDK_2.8.2_EVK-MIMXRT1010/rtos/freertos/freertos_kernel/queue.c.obj
                0x0000000000001184                vQueueAddToRegistry
 .text.vQueueWaitForMessageRestricted
                0x00000000000011a8       0x46 CMakeFiles/freertos_template.elf.dir/home/petro/SDK_2.8.2_EVK-MIMXRT1010/rtos/freertos/freertos_kernel/queue.c.obj
                0x00000000000011a8                vQueueWaitForMessageRestricted
 *fill*         0x00000000000011ee        0x2 
 .text.prvResetNextTaskUnblockTime
                0x00000000000011f0       0x24 CMakeFiles/freertos_template.elf.dir/home/petro/SDK_2.8.2_EVK-MIMXRT1010/rtos/freertos/freertos_kernel/tasks.c.obj
 .text.prvAddCurrentTaskToDelayedList
                0x0000000000001214       0x8c CMakeFiles/freertos_template.elf.dir/home/petro/SDK_2.8.2_EVK-MIMXRT1010/rtos/freertos/freertos_kernel/tasks.c.obj
 .text.prvIdleTask
                0x00000000000012a0       0x6c CMakeFiles/freertos_template.elf.dir/home/petro/SDK_2.8.2_EVK-MIMXRT1010/rtos/freertos/freertos_kernel/tasks.c.obj
 .text.xTaskCreate
                0x000000000000130c      0x1dc CMakeFiles/freertos_template.elf.dir/home/petro/SDK_2.8.2_EVK-MIMXRT1010/rtos/freertos/freertos_kernel/tasks.c.obj
                0x000000000000130c                xTaskCreate
 .text.vTaskStartScheduler
                0x00000000000014e8       0x80 CMakeFiles/freertos_template.elf.dir/home/petro/SDK_2.8.2_EVK-MIMXRT1010/rtos/freertos/freertos_kernel/tasks.c.obj
                0x00000000000014e8                vTaskStartScheduler
 .text.vTaskSuspendAll
                0x0000000000001568       0x10 CMakeFiles/freertos_template.elf.dir/home/petro/SDK_2.8.2_EVK-MIMXRT1010/rtos/freertos/freertos_kernel/tasks.c.obj
                0x0000000000001568                vTaskSuspendAll
 .text.xTaskGetTickCount
                0x0000000000001578        0xc CMakeFiles/freertos_template.elf.dir/home/petro/SDK_2.8.2_EVK-MIMXRT1010/rtos/freertos/freertos_kernel/tasks.c.obj
                0x0000000000001578                xTaskGetTickCount
 .text.xTaskIncrementTick
                0x0000000000001584      0x104 CMakeFiles/freertos_template.elf.dir/home/petro/SDK_2.8.2_EVK-MIMXRT1010/rtos/freertos/freertos_kernel/tasks.c.obj
                0x0000000000001584                xTaskIncrementTick
 .text.xTaskResumeAll
                0x0000000000001688       0xf0 CMakeFiles/freertos_template.elf.dir/home/petro/SDK_2.8.2_EVK-MIMXRT1010/rtos/freertos/freertos_kernel/tasks.c.obj
                0x0000000000001688                xTaskResumeAll
 .text.vTaskDelay
                0x0000000000001778       0x48 CMakeFiles/freertos_template.elf.dir/home/petro/SDK_2.8.2_EVK-MIMXRT1010/rtos/freertos/freertos_kernel/tasks.c.obj
                0x0000000000001778                vTaskDelay
 .text.vTaskSwitchContext
                0x00000000000017c0       0x74 CMakeFiles/freertos_template.elf.dir/home/petro/SDK_2.8.2_EVK-MIMXRT1010/rtos/freertos/freertos_kernel/tasks.c.obj
                0x00000000000017c0                vTaskSwitchContext
 .text.vTaskPlaceOnEventList
                0x0000000000001834       0x34 CMakeFiles/freertos_template.elf.dir/home/petro/SDK_2.8.2_EVK-MIMXRT1010/rtos/freertos/freertos_kernel/tasks.c.obj
                0x0000000000001834                vTaskPlaceOnEventList
 .text.vTaskPlaceOnEventListRestricted
                0x0000000000001868       0x3c CMakeFiles/freertos_template.elf.dir/home/petro/SDK_2.8.2_EVK-MIMXRT1010/rtos/freertos/freertos_kernel/tasks.c.obj
                0x0000000000001868                vTaskPlaceOnEventListRestricted
 .text.xTaskRemoveFromEventList
                0x00000000000018a4       0x8c CMakeFiles/freertos_template.elf.dir/home/petro/SDK_2.8.2_EVK-MIMXRT1010/rtos/freertos/freertos_kernel/tasks.c.obj
                0x00000000000018a4                xTaskRemoveFromEventList
 .text.vTaskInternalSetTimeOutState
                0x0000000000001930       0x18 CMakeFiles/freertos_template.elf.dir/home/petro/SDK_2.8.2_EVK-MIMXRT1010/rtos/freertos/freertos_kernel/tasks.c.obj
                0x0000000000001930                vTaskInternalSetTimeOutState
 .text.xTaskCheckForTimeOut
                0x0000000000001948       0x78 CMakeFiles/freertos_template.elf.dir/home/petro/SDK_2.8.2_EVK-MIMXRT1010/rtos/freertos/freertos_kernel/tasks.c.obj
                0x0000000000001948                xTaskCheckForTimeOut
 .text.vTaskMissedYield
                0x00000000000019c0        0xc CMakeFiles/freertos_template.elf.dir/home/petro/SDK_2.8.2_EVK-MIMXRT1010/rtos/freertos/freertos_kernel/tasks.c.obj
                0x00000000000019c0                vTaskMissedYield
 .text.xTaskGetSchedulerState
                0x00000000000019cc       0x20 CMakeFiles/freertos_template.elf.dir/home/petro/SDK_2.8.2_EVK-MIMXRT1010/rtos/freertos/freertos_kernel/tasks.c.obj
                0x00000000000019cc                xTaskGetSchedulerState
 .text.xTaskPriorityDisinherit
                0x00000000000019ec       0xa4 CMakeFiles/freertos_template.elf.dir/home/petro/SDK_2.8.2_EVK-MIMXRT1010/rtos/freertos/freertos_kernel/tasks.c.obj
                0x00000000000019ec                xTaskPriorityDisinherit
 .text.prvCheckForValidListAndQueue
                0x0000000000001a90       0x58 CMakeFiles/freertos_template.elf.dir/home/petro/SDK_2.8.2_EVK-MIMXRT1010/rtos/freertos/freertos_kernel/timers.c.obj
 .text.prvInsertTimerInActiveList
                0x0000000000001ae8       0x3c CMakeFiles/freertos_template.elf.dir/home/petro/SDK_2.8.2_EVK-MIMXRT1010/rtos/freertos/freertos_kernel/timers.c.obj
 .text.xTimerCreateTimerTask
                0x0000000000001b24       0x4c CMakeFiles/freertos_template.elf.dir/home/petro/SDK_2.8.2_EVK-MIMXRT1010/rtos/freertos/freertos_kernel/timers.c.obj
                0x0000000000001b24                xTimerCreateTimerTask
 .text.xTimerGenericCommand
                0x0000000000001b70       0x54 CMakeFiles/freertos_template.elf.dir/home/petro/SDK_2.8.2_EVK-MIMXRT1010/rtos/freertos/freertos_kernel/timers.c.obj
                0x0000000000001b70                xTimerGenericCommand
 .text.prvSwitchTimerLists
                0x0000000000001bc4       0x7c CMakeFiles/freertos_template.elf.dir/home/petro/SDK_2.8.2_EVK-MIMXRT1010/rtos/freertos/freertos_kernel/timers.c.obj
 .text.prvTimerTask
                0x0000000000001c40      0x1f8 CMakeFiles/freertos_template.elf.dir/home/petro/SDK_2.8.2_EVK-MIMXRT1010/rtos/freertos/freertos_kernel/timers.c.obj
 .text._ZL8led_taskPv
                0x0000000000001e38       0x4c CMakeFiles/freertos_template.elf.dir/home/petro/MCUXpressoSDK/freertos_template/user/main.cpp.obj
 .text.startup.main
                0x0000000000001e84       0x48 CMakeFiles/freertos_template.elf.dir/home/petro/MCUXpressoSDK/freertos_template/user/main.cpp.obj
                0x0000000000001e84                main
 .text.CLOCK_EnableClock.constprop.0
                0x0000000000001ecc       0x10 CMakeFiles/freertos_template.elf.dir/home/petro/MCUXpressoSDK/freertos_template/board/pin_mux.c.obj
 .text.BOARD_InitDEBUG_UARTPins
                0x0000000000001edc       0x2c CMakeFiles/freertos_template.elf.dir/home/petro/MCUXpressoSDK/freertos_template/board/pin_mux.c.obj
                0x0000000000001edc                BOARD_InitDEBUG_UARTPins
 .text.BOARD_InitBootPins
                0x0000000000001f08        0x4 CMakeFiles/freertos_template.elf.dir/home/petro/MCUXpressoSDK/freertos_template/board/pin_mux.c.obj
                0x0000000000001f08                BOARD_InitBootPins
 .text.BOARD_InitLEDPins
                0x0000000000001f0c       0x50 CMakeFiles/freertos_template.elf.dir/home/petro/MCUXpressoSDK/freertos_template/board/pin_mux.c.obj
                0x0000000000001f0c                BOARD_InitLEDPins
 .text.BOARD_InitPeripherals
                0x0000000000001f5c       0x24 CMakeFiles/freertos_template.elf.dir/home/petro/MCUXpressoSDK/freertos_template/board/peripherals.c.obj
                0x0000000000001f5c                BOARD_InitPeripherals
 .text.BOARD_InitBootPeripherals
                0x0000000000001f80        0x4 CMakeFiles/freertos_template.elf.dir/home/petro/MCUXpressoSDK/freertos_template/board/peripherals.c.obj
                0x0000000000001f80                BOARD_InitBootPeripherals
 .text.CLOCK_SetMux
                0x0000000000001f84       0x44 CMakeFiles/freertos_template.elf.dir/home/petro/MCUXpressoSDK/freertos_template/board/clock_config.c.obj
 .text.CLOCK_DisableClock
                0x0000000000001fc8       0x24 CMakeFiles/freertos_template.elf.dir/home/petro/MCUXpressoSDK/freertos_template/board/clock_config.c.obj
 .text.BOARD_BootClockRUN
                0x0000000000001fec      0x3d8 CMakeFiles/freertos_template.elf.dir/home/petro/MCUXpressoSDK/freertos_template/board/clock_config.c.obj
                0x0000000000001fec                BOARD_BootClockRUN
 .text.BOARD_InitBootClocks
                0x00000000000023c4        0x4 CMakeFiles/freertos_template.elf.dir/home/petro/MCUXpressoSDK/freertos_template/board/clock_config.c.obj
                0x00000000000023c4                BOARD_InitBootClocks
 .text.CLOCK_InitExternalClk
                0x00000000000023c8       0x30 CMakeFiles/freertos_template.elf.dir/home/petro/SDK_2.8.2_EVK-MIMXRT1010/devices/MIMXRT1011/drivers/fsl_clock.c.obj
                0x00000000000023c8                CLOCK_InitExternalClk
 .text.CLOCK_SwitchOsc
                0x00000000000023f8       0x18 CMakeFiles/freertos_template.elf.dir/home/petro/SDK_2.8.2_EVK-MIMXRT1010/devices/MIMXRT1011/drivers/fsl_clock.c.obj
                0x00000000000023f8                CLOCK_SwitchOsc
 .text.CLOCK_InitRcOsc24M
                0x0000000000002410       0x14 CMakeFiles/freertos_template.elf.dir/home/petro/SDK_2.8.2_EVK-MIMXRT1010/devices/MIMXRT1011/drivers/fsl_clock.c.obj
                0x0000000000002410                CLOCK_InitRcOsc24M
 .text.CLOCK_InitSysPll
                0x0000000000002424       0x68 CMakeFiles/freertos_template.elf.dir/home/petro/SDK_2.8.2_EVK-MIMXRT1010/devices/MIMXRT1011/drivers/fsl_clock.c.obj
                0x0000000000002424                CLOCK_InitSysPll
 .text.CLOCK_InitUsb1Pll
                0x000000000000248c       0x44 CMakeFiles/freertos_template.elf.dir/home/petro/SDK_2.8.2_EVK-MIMXRT1010/devices/MIMXRT1011/drivers/fsl_clock.c.obj
                0x000000000000248c                CLOCK_InitUsb1Pll
 .text.CLOCK_DeinitAudioPll
                0x00000000000024d0       0x10 CMakeFiles/freertos_template.elf.dir/home/petro/SDK_2.8.2_EVK-MIMXRT1010/devices/MIMXRT1011/drivers/fsl_clock.c.obj
                0x00000000000024d0                CLOCK_DeinitAudioPll
 .text.CLOCK_InitEnetPll
                0x00000000000024e0       0x50 CMakeFiles/freertos_template.elf.dir/home/petro/SDK_2.8.2_EVK-MIMXRT1010/devices/MIMXRT1011/drivers/fsl_clock.c.obj
                0x00000000000024e0                CLOCK_InitEnetPll
 .text.CLOCK_InitSysPfd
                0x0000000000002530       0x30 CMakeFiles/freertos_template.elf.dir/home/petro/SDK_2.8.2_EVK-MIMXRT1010/devices/MIMXRT1011/drivers/fsl_clock.c.obj
                0x0000000000002530                CLOCK_InitSysPfd
 .text.CLOCK_InitUsb1Pfd
                0x0000000000002560       0x30 CMakeFiles/freertos_template.elf.dir/home/petro/SDK_2.8.2_EVK-MIMXRT1010/devices/MIMXRT1011/drivers/fsl_clock.c.obj
                0x0000000000002560                CLOCK_InitUsb1Pfd
 .text.LPI2C_CommonIRQHandler
                0x0000000000002590       0x48 CMakeFiles/freertos_template.elf.dir/home/petro/SDK_2.8.2_EVK-MIMXRT1010/devices/MIMXRT1011/drivers/fsl_lpi2c.c.obj
 .text.LPI2C1_DriverIRQHandler
                0x00000000000025d8        0xc CMakeFiles/freertos_template.elf.dir/home/petro/SDK_2.8.2_EVK-MIMXRT1010/devices/MIMXRT1011/drivers/fsl_lpi2c.c.obj
                0x00000000000025d8                LPI2C1_DriverIRQHandler
 .text.LPI2C2_DriverIRQHandler
                0x00000000000025e4        0xc CMakeFiles/freertos_template.elf.dir/home/petro/SDK_2.8.2_EVK-MIMXRT1010/devices/MIMXRT1011/drivers/fsl_lpi2c.c.obj
                0x00000000000025e4                LPI2C2_DriverIRQHandler
 .text.CLOCK_ControlGate
                0x00000000000025f0       0x24 CMakeFiles/freertos_template.elf.dir/home/petro/SDK_2.8.2_EVK-MIMXRT1010/devices/MIMXRT1011/drivers/fsl_lpuart.c.obj
 .text.LPUART_GetInstance
                0x0000000000002614       0x38 CMakeFiles/freertos_template.elf.dir/home/petro/SDK_2.8.2_EVK-MIMXRT1010/devices/MIMXRT1011/drivers/fsl_lpuart.c.obj
                0x0000000000002614                LPUART_GetInstance
 .text.LPUART_Init
                0x000000000000264c      0x19c CMakeFiles/freertos_template.elf.dir/home/petro/SDK_2.8.2_EVK-MIMXRT1010/devices/MIMXRT1011/drivers/fsl_lpuart.c.obj
                0x000000000000264c                LPUART_Init
 .text.LPUART_GetDefaultConfig
                0x00000000000027e8       0x1e CMakeFiles/freertos_template.elf.dir/home/petro/SDK_2.8.2_EVK-MIMXRT1010/devices/MIMXRT1011/drivers/fsl_lpuart.c.obj
                0x00000000000027e8                LPUART_GetDefaultConfig
 .text.LPUART_WriteBlocking
                0x0000000000002806       0x1e CMakeFiles/freertos_template.elf.dir/home/petro/SDK_2.8.2_EVK-MIMXRT1010/devices/MIMXRT1011/drivers/fsl_lpuart.c.obj
                0x0000000000002806                LPUART_WriteBlocking
 .text.LPUART1_DriverIRQHandler
                0x0000000000002824       0x20 CMakeFiles/freertos_template.elf.dir/home/petro/SDK_2.8.2_EVK-MIMXRT1010/devices/MIMXRT1011/drivers/fsl_lpuart.c.obj
                0x0000000000002824                LPUART1_DriverIRQHandler
 .text.LPUART2_DriverIRQHandler
                0x0000000000002844       0x20 CMakeFiles/freertos_template.elf.dir/home/petro/SDK_2.8.2_EVK-MIMXRT1010/devices/MIMXRT1011/drivers/fsl_lpuart.c.obj
                0x0000000000002844                LPUART2_DriverIRQHandler
 .text.LPUART3_DriverIRQHandler
                0x0000000000002864       0x20 CMakeFiles/freertos_template.elf.dir/home/petro/SDK_2.8.2_EVK-MIMXRT1010/devices/MIMXRT1011/drivers/fsl_lpuart.c.obj
                0x0000000000002864                LPUART3_DriverIRQHandler
 .text.LPUART4_DriverIRQHandler
                0x0000000000002884       0x20 CMakeFiles/freertos_template.elf.dir/home/petro/SDK_2.8.2_EVK-MIMXRT1010/devices/MIMXRT1011/drivers/fsl_lpuart.c.obj
                0x0000000000002884                LPUART4_DriverIRQHandler
 .text.GPIO_PinWrite
                0x00000000000028a4       0x16 CMakeFiles/freertos_template.elf.dir/home/petro/SDK_2.8.2_EVK-MIMXRT1010/devices/MIMXRT1011/drivers/fsl_gpio.c.obj
                0x00000000000028a4                GPIO_PinWrite
 .text.GPIO_PinSetInterruptConfig
                0x00000000000028ba       0x7c CMakeFiles/freertos_template.elf.dir/home/petro/SDK_2.8.2_EVK-MIMXRT1010/devices/MIMXRT1011/drivers/fsl_gpio.c.obj
                0x00000000000028ba                GPIO_PinSetInterruptConfig
 *fill*         0x0000000000002936        0x2 
 .text.GPIO_PinInit
                0x0000000000002938       0x90 CMakeFiles/freertos_template.elf.dir/home/petro/SDK_2.8.2_EVK-MIMXRT1010/devices/MIMXRT1011/drivers/fsl_gpio.c.obj
                0x0000000000002938                GPIO_PinInit
 .text.FLEXSPI_DriverIRQHandler
                0x00000000000029c8       0x20 CMakeFiles/freertos_template.elf.dir/home/petro/SDK_2.8.2_EVK-MIMXRT1010/devices/MIMXRT1011/drivers/fsl_flexspi.c.obj
                0x00000000000029c8                FLEXSPI_DriverIRQHandler
 .text.SystemInitHook
                0x00000000000029e8        0x2 CMakeFiles/freertos_template.elf.dir/home/petro/SDK_2.8.2_EVK-MIMXRT1010/devices/MIMXRT1011/system_MIMXRT1011.c.obj
                0x00000000000029e8                SystemInitHook
 *fill*         0x00000000000029ea        0x2 
 .text.SystemInit
                0x00000000000029ec      0x124 CMakeFiles/freertos_template.elf.dir/home/petro/SDK_2.8.2_EVK-MIMXRT1010/devices/MIMXRT1011/system_MIMXRT1011.c.obj
                0x00000000000029ec                SystemInit
 .text.PrintOutputdifFobpu.isra.0
                0x0000000000002b10       0x28 CMakeFiles/freertos_template.elf.dir/home/petro/SDK_2.8.2_EVK-MIMXRT1010/devices/MIMXRT1011/utilities/str/fsl_str.c.obj
 .text.StrFormatPrintf
                0x0000000000002b38      0x1f8 CMakeFiles/freertos_template.elf.dir/home/petro/SDK_2.8.2_EVK-MIMXRT1010/devices/MIMXRT1011/utilities/str/fsl_str.c.obj
                0x0000000000002b38                StrFormatPrintf
 .text.DbgConsole_SendDataReliable
                0x0000000000002d30       0x2c CMakeFiles/freertos_template.elf.dir/home/petro/SDK_2.8.2_EVK-MIMXRT1010/devices/MIMXRT1011/utilities/debug_console/fsl_debug_console.c.obj
                0x0000000000002d30                DbgConsole_SendDataReliable
 .text.DbgConsole_PrintCallback
                0x0000000000002d5c       0x3a CMakeFiles/freertos_template.elf.dir/home/petro/SDK_2.8.2_EVK-MIMXRT1010/devices/MIMXRT1011/utilities/debug_console/fsl_debug_console.c.obj
 *fill*         0x0000000000002d96        0x2 
 .text.DbgConsole_Init
                0x0000000000002d98       0x68 CMakeFiles/freertos_template.elf.dir/home/petro/SDK_2.8.2_EVK-MIMXRT1010/devices/MIMXRT1011/utilities/debug_console/fsl_debug_console.c.obj
                0x0000000000002d98                DbgConsole_Init
 .text.DbgConsole_Printf
                0x0000000000002e00       0x40 CMakeFiles/freertos_template.elf.dir/home/petro/SDK_2.8.2_EVK-MIMXRT1010/devices/MIMXRT1011/utilities/debug_console/fsl_debug_console.c.obj
                0x0000000000002e00                DbgConsole_Printf
 .text.HAL_UartInit
                0x0000000000002e40       0x70 CMakeFiles/freertos_template.elf.dir/home/petro/SDK_2.8.2_EVK-MIMXRT1010/components/uart/lpuart_adapter.c.obj
                0x0000000000002e40                HAL_UartInit
 .text.HAL_UartSendBlocking
                0x0000000000002eb0       0x18 CMakeFiles/freertos_template.elf.dir/home/petro/SDK_2.8.2_EVK-MIMXRT1010/components/uart/lpuart_adapter.c.obj
                0x0000000000002eb0                HAL_UartSendBlocking
 .text.SerialManager_Init
                0x0000000000002ec8       0x2a CMakeFiles/freertos_template.elf.dir/home/petro/SDK_2.8.2_EVK-MIMXRT1010/components/serial_manager/serial_manager.c.obj
                0x0000000000002ec8                SerialManager_Init
 .text.SerialManager_OpenWriteHandle
                0x0000000000002ef2       0x26 CMakeFiles/freertos_template.elf.dir/home/petro/SDK_2.8.2_EVK-MIMXRT1010/components/serial_manager/serial_manager.c.obj
                0x0000000000002ef2                SerialManager_OpenWriteHandle
 .text.SerialManager_OpenReadHandle
                0x0000000000002f18       0x30 CMakeFiles/freertos_template.elf.dir/home/petro/SDK_2.8.2_EVK-MIMXRT1010/components/serial_manager/serial_manager.c.obj
                0x0000000000002f18                SerialManager_OpenReadHandle
 .text.SerialManager_WriteBlocking
                0x0000000000002f48       0x14 CMakeFiles/freertos_template.elf.dir/home/petro/SDK_2.8.2_EVK-MIMXRT1010/components/serial_manager/serial_manager.c.obj
                0x0000000000002f48                SerialManager_WriteBlocking
 .text.Serial_UartInit
                0x0000000000002f5c       0x38 CMakeFiles/freertos_template.elf.dir/home/petro/SDK_2.8.2_EVK-MIMXRT1010/components/serial_manager/serial_port_uart.c.obj
                0x0000000000002f5c                Serial_UartInit
 .text.Serial_UartWrite
                0x0000000000002f94        0x4 CMakeFiles/freertos_template.elf.dir/home/petro/SDK_2.8.2_EVK-MIMXRT1010/components/serial_manager/serial_port_uart.c.obj
                0x0000000000002f94                Serial_UartWrite
 .text.exit     0x0000000000002f98       0x28 /home/petro/gcc-arm-none-eabi-9-2020-q2-update/bin/../lib/gcc/arm-none-eabi/9.3.1/../../../../arm-none-eabi/lib/thumb/v7e-m+fp/hard/libc_nano.a(lib_a-exit.o)
                0x0000000000002f98                exit
 .text.__libc_init_array
                0x0000000000002fc0       0x48 /home/petro/gcc-arm-none-eabi-9-2020-q2-update/bin/../lib/gcc/arm-none-eabi/9.3.1/../../../../arm-none-eabi/lib/thumb/v7e-m+fp/hard/libc_nano.a(lib_a-init.o)
                0x0000000000002fc0                __libc_init_array
 .text.memcpy   0x0000000000003008       0x1c /home/petro/gcc-arm-none-eabi-9-2020-q2-update/bin/../lib/gcc/arm-none-eabi/9.3.1/../../../../arm-none-eabi/lib/thumb/v7e-m+fp/hard/libc_nano.a(lib_a-memcpy-stub.o)
                0x0000000000003008                memcpy
 .text.memset   0x0000000000003024       0x10 /home/petro/gcc-arm-none-eabi-9-2020-q2-update/bin/../lib/gcc/arm-none-eabi/9.3.1/../../../../arm-none-eabi/lib/thumb/v7e-m+fp/hard/libc_nano.a(lib_a-memset.o)
                0x0000000000003024                memset
 .text._exit    0x0000000000003034        0x4 /home/petro/gcc-arm-none-eabi-9-2020-q2-update/bin/../lib/gcc/arm-none-eabi/9.3.1/../../../../arm-none-eabi/lib/thumb/v7e-m+fp/hard/libnosys.a(_exit.o)
                0x0000000000003034                _exit
 *(.rodata)
 .rodata        0x0000000000003038        0x3 CMakeFiles/freertos_template.elf.dir/home/petro/MCUXpressoSDK/freertos_template/board/pin_mux.c.obj
 *(.rodata*)
 .rodata.vTaskStartScheduler.str1.1
                0x000000000000303b        0x5 CMakeFiles/freertos_template.elf.dir/home/petro/SDK_2.8.2_EVK-MIMXRT1010/rtos/freertos/freertos_kernel/tasks.c.obj
 .rodata.prvCheckForValidListAndQueue.str1.1
                0x0000000000003040        0x5 CMakeFiles/freertos_template.elf.dir/home/petro/SDK_2.8.2_EVK-MIMXRT1010/rtos/freertos/freertos_kernel/timers.c.obj
 .rodata.xTimerCreateTimerTask.str1.1
                0x0000000000003045        0x8 CMakeFiles/freertos_template.elf.dir/home/petro/SDK_2.8.2_EVK-MIMXRT1010/rtos/freertos/freertos_kernel/timers.c.obj
 .rodata._ZL8led_taskPv.str1.1
                0x000000000000304d       0x13 CMakeFiles/freertos_template.elf.dir/home/petro/MCUXpressoSDK/freertos_template/user/main.cpp.obj
 .rodata.main.str1.1
                0x0000000000003060       0x22 CMakeFiles/freertos_template.elf.dir/home/petro/MCUXpressoSDK/freertos_template/user/main.cpp.obj
 .rodata.enetPllConfig_BOARD_BootClockRUN
                0x0000000000003082        0x5 CMakeFiles/freertos_template.elf.dir/home/petro/MCUXpressoSDK/freertos_template/board/clock_config.c.obj
                0x0000000000003082                enetPllConfig_BOARD_BootClockRUN
 *fill*         0x0000000000003087        0x1 
 .rodata.sysPllConfig_BOARD_BootClockRUN
                0x0000000000003088       0x14 CMakeFiles/freertos_template.elf.dir/home/petro/MCUXpressoSDK/freertos_template/board/clock_config.c.obj
                0x0000000000003088                sysPllConfig_BOARD_BootClockRUN
 .rodata.usb1PllConfig_BOARD_BootClockRUN
                0x000000000000309c        0x2 CMakeFiles/freertos_template.elf.dir/home/petro/MCUXpressoSDK/freertos_template/board/clock_config.c.obj
                0x000000000000309c                usb1PllConfig_BOARD_BootClockRUN
 .rodata.s_lpuartClock
                0x000000000000309e        0xa CMakeFiles/freertos_template.elf.dir/home/petro/SDK_2.8.2_EVK-MIMXRT1010/devices/MIMXRT1011/drivers/fsl_lpuart.c.obj
 .rodata.s_gpioClock
                0x00000000000030a8        0xc CMakeFiles/freertos_template.elf.dir/home/petro/SDK_2.8.2_EVK-MIMXRT1010/devices/MIMXRT1011/drivers/fsl_gpio.c.obj
 .rodata.s_LpuartAdapterBase
                0x00000000000030b4       0x14 CMakeFiles/freertos_template.elf.dir/home/petro/SDK_2.8.2_EVK-MIMXRT1010/components/uart/lpuart_adapter.c.obj
 .rodata._global_impure_ptr
                0x00000000000030c8        0x4 /home/petro/gcc-arm-none-eabi-9-2020-q2-update/bin/../lib/gcc/arm-none-eabi/9.3.1/../../../../arm-none-eabi/lib/thumb/v7e-m+fp/hard/libc_nano.a(lib_a-impure.o)
                0x00000000000030c8                _global_impure_ptr
 *(.glue_7)
 .glue_7        0x00000000000030cc        0x0 linker stubs
 *(.glue_7t)
 .glue_7t       0x00000000000030cc        0x0 linker stubs
 *(.eh_frame)
 .eh_frame      0x00000000000030cc        0x0 /home/petro/gcc-arm-none-eabi-9-2020-q2-update/bin/../lib/gcc/arm-none-eabi/9.3.1/thumb/v7e-m+fp/hard/crtbegin.o
 *(.init)
 .init          0x00000000000030cc        0x4 /home/petro/gcc-arm-none-eabi-9-2020-q2-update/bin/../lib/gcc/arm-none-eabi/9.3.1/thumb/v7e-m+fp/hard/crti.o
                0x00000000000030cc                _init
 .init          0x00000000000030d0        0x8 /home/petro/gcc-arm-none-eabi-9-2020-q2-update/bin/../lib/gcc/arm-none-eabi/9.3.1/thumb/v7e-m+fp/hard/crtn.o
 *(.fini)
 .fini          0x00000000000030d8        0x4 /home/petro/gcc-arm-none-eabi-9-2020-q2-update/bin/../lib/gcc/arm-none-eabi/9.3.1/thumb/v7e-m+fp/hard/crti.o
                0x00000000000030d8                _fini
 .fini          0x00000000000030dc        0x8 /home/petro/gcc-arm-none-eabi-9-2020-q2-update/bin/../lib/gcc/arm-none-eabi/9.3.1/thumb/v7e-m+fp/hard/crtn.o
                0x00000000000030e4                . = ALIGN (0x4)

.vfp11_veneer   0x00000000000030e4        0x0
 .vfp11_veneer  0x00000000000030e4        0x0 linker stubs

.v4_bx          0x00000000000030e4        0x0
 .v4_bx         0x00000000000030e4        0x0 linker stubs

.iplt           0x00000000000030e4        0x0
 .iplt          0x00000000000030e4        0x0 /home/petro/gcc-arm-none-eabi-9-2020-q2-update/bin/../lib/gcc/arm-none-eabi/9.3.1/thumb/v7e-m+fp/hard/crtbegin.o

.ARM.extab
 *(.ARM.extab* .gnu.linkonce.armextab.*)

.ARM            0x00000000000030e4        0x8
                0x00000000000030e4                __exidx_start = .
 *(.ARM.exidx*)
 .ARM.exidx     0x00000000000030e4        0x8 /home/petro/gcc-arm-none-eabi-9-2020-q2-update/bin/../lib/gcc/arm-none-eabi/9.3.1/../../../../arm-none-eabi/lib/thumb/v7e-m+fp/hard/crt0.o
                                         0x10 (size before relaxing)
                0x00000000000030ec                __exidx_end = .

.rel.dyn        0x00000000000030ec        0x0
 .rel.iplt      0x00000000000030ec        0x0 /home/petro/gcc-arm-none-eabi-9-2020-q2-update/bin/../lib/gcc/arm-none-eabi/9.3.1/thumb/v7e-m+fp/hard/crtbegin.o

.ctors          0x00000000000030ec        0x0
                0x00000000000030ec                __CTOR_LIST__ = .
 *crtbegin.o(.ctors)
 *crtbegin?.o(.ctors)
 *(EXCLUDE_FILE(*crtend.o *crtend?.o) .ctors)
 *(SORT_BY_NAME(.ctors.*))
 *(.ctors)
                0x00000000000030ec                __CTOR_END__ = .

.dtors          0x00000000000030ec        0x0
                0x00000000000030ec                __DTOR_LIST__ = .
 *crtbegin.o(.dtors)
 *crtbegin?.o(.dtors)
 *(EXCLUDE_FILE(*crtend.o *crtend?.o) .dtors)
 *(SORT_BY_NAME(.dtors.*))
 *(.dtors)
                0x00000000000030ec                __DTOR_END__ = .

.preinit_array  0x00000000000030ec        0x0
                0x00000000000030ec                PROVIDE (__preinit_array_start = .)
 *(.preinit_array*)
                0x00000000000030ec                PROVIDE (__preinit_array_end = .)

.init_array     0x00000000000030ec        0x4
                0x00000000000030ec                PROVIDE (__init_array_start = .)
 *(SORT_BY_NAME(.init_array.*))
 *(.init_array*)
 .init_array    0x00000000000030ec        0x4 /home/petro/gcc-arm-none-eabi-9-2020-q2-update/bin/../lib/gcc/arm-none-eabi/9.3.1/thumb/v7e-m+fp/hard/crtbegin.o
                0x00000000000030f0                PROVIDE (__init_array_end = .)

.fini_array     0x00000000000030f0        0x4
                [!provide]                        PROVIDE (__fini_array_start = .)
 *(SORT_BY_NAME(.fini_array.*))
 *(.fini_array*)
 .fini_array    0x00000000000030f0        0x4 /home/petro/gcc-arm-none-eabi-9-2020-q2-update/bin/../lib/gcc/arm-none-eabi/9.3.1/thumb/v7e-m+fp/hard/crtbegin.o
                [!provide]                        PROVIDE (__fini_array_end = .)
                0x00000000000030f4                __etext = .
                0x00000000000030f4                __DATA_ROM = .
                0x0000000000000000                __VECTOR_RAM = ORIGIN (m_interrupts)
                0x0000000000000000                __RAM_VECTOR_TABLE_SIZE_BYTES = 0x0

.data           0x0000000020000000       0x68 load address 0x00000000000030f4
                0x0000000020000000                . = ALIGN (0x4)
                0x0000000020000000                __DATA_RAM = .
                0x0000000020000000                __data_start__ = .
 *(m_usb_dma_init_data)
 *(.data)
 *(.data*)
 .data.uxCriticalNesting
                0x0000000020000000        0x4 CMakeFiles/freertos_template.elf.dir/home/petro/SDK_2.8.2_EVK-MIMXRT1010/rtos/freertos/freertos_kernel/portable/GCC/ARM_CM4F/port.c.obj
 .data.SystemCoreClock
                0x0000000020000004        0x4 CMakeFiles/freertos_template.elf.dir/home/petro/SDK_2.8.2_EVK-MIMXRT1010/devices/MIMXRT1011/system_MIMXRT1011.c.obj
                0x0000000020000004                SystemCoreClock
 .data.impure_data
                0x0000000020000008       0x60 /home/petro/gcc-arm-none-eabi-9-2020-q2-update/bin/../lib/gcc/arm-none-eabi/9.3.1/../../../../arm-none-eabi/lib/thumb/v7e-m+fp/hard/libc_nano.a(lib_a-impure.o)
 *(.jcr*)
                0x0000000020000068                . = ALIGN (0x4)
                0x0000000020000068                __data_end__ = .
                0x000000000000315c                __NDATA_ROM = (__DATA_ROM + (__data_end__ - __data_start__))

.igot.plt       0x0000000020000068        0x0 load address 0x000000000000315c
 .igot.plt      0x0000000020000068        0x0 /home/petro/gcc-arm-none-eabi-9-2020-q2-update/bin/../lib/gcc/arm-none-eabi/9.3.1/thumb/v7e-m+fp/hard/crtbegin.o

.ncache.init    0x0000000020000068        0x0 load address 0x000000000000315c
                0x0000000020000068                __noncachedata_start__ = .
 *(NonCacheable.init)
                0x0000000020000068                . = ALIGN (0x4)
                0x0000000020000068                __noncachedata_init_end__ = .
                0x0000000020000068                . = __noncachedata_init_end__

.ncache         0x0000000020000068        0x0
 *(NonCacheable)
                0x0000000020000068                . = ALIGN (0x4)
                0x0000000020000068                __noncachedata_end__ = .
                0x000000000000315c                __DATA_END = (__NDATA_ROM + (__noncachedata_init_end__ - __noncachedata_start__))
                0x0000000000008000                text_end = (ORIGIN (m_text) + LENGTH (m_text))
                0x0000000000000001                ASSERT ((__DATA_END <= text_end), region m_text overflowed with text and data)

.bss            0x0000000020000068     0x2a30 load address 0x000000000000315c
                0x0000000020000068                . = ALIGN (0x4)
                0x0000000020000068                __START_BSS = .
                0x0000000020000068                __bss_start__ = .
 *(m_usb_dma_noninit_data)
 *(.bss)
 .bss           0x0000000020000068       0x1c /home/petro/gcc-arm-none-eabi-9-2020-q2-update/bin/../lib/gcc/arm-none-eabi/9.3.1/thumb/v7e-m+fp/hard/crtbegin.o
 *(.bss*)
 .bss.ucMaxSysCallPriority
                0x0000000020000084        0x1 CMakeFiles/freertos_template.elf.dir/home/petro/SDK_2.8.2_EVK-MIMXRT1010/rtos/freertos/freertos_kernel/portable/GCC/ARM_CM4F/port.c.obj
 *fill*         0x0000000020000085        0x3 
 .bss.ulMaxPRIGROUPValue
                0x0000000020000088        0x4 CMakeFiles/freertos_template.elf.dir/home/petro/SDK_2.8.2_EVK-MIMXRT1010/rtos/freertos/freertos_kernel/portable/GCC/ARM_CM4F/port.c.obj
 .bss.pxEnd     0x000000002000008c        0x4 CMakeFiles/freertos_template.elf.dir/home/petro/SDK_2.8.2_EVK-MIMXRT1010/rtos/freertos/freertos_kernel/portable/MemMang/heap_4.c.obj
 .bss.ucHeap    0x0000000020000090     0x2800 CMakeFiles/freertos_template.elf.dir/home/petro/SDK_2.8.2_EVK-MIMXRT1010/rtos/freertos/freertos_kernel/portable/MemMang/heap_4.c.obj
 .bss.xBlockAllocatedBit
                0x0000000020002890        0x4 CMakeFiles/freertos_template.elf.dir/home/petro/SDK_2.8.2_EVK-MIMXRT1010/rtos/freertos/freertos_kernel/portable/MemMang/heap_4.c.obj
 .bss.xFreeBytesRemaining
                0x0000000020002894        0x4 CMakeFiles/freertos_template.elf.dir/home/petro/SDK_2.8.2_EVK-MIMXRT1010/rtos/freertos/freertos_kernel/portable/MemMang/heap_4.c.obj
 .bss.xMinimumEverFreeBytesRemaining
                0x0000000020002898        0x4 CMakeFiles/freertos_template.elf.dir/home/petro/SDK_2.8.2_EVK-MIMXRT1010/rtos/freertos/freertos_kernel/portable/MemMang/heap_4.c.obj
 .bss.xNumberOfSuccessfulAllocations
                0x000000002000289c        0x4 CMakeFiles/freertos_template.elf.dir/home/petro/SDK_2.8.2_EVK-MIMXRT1010/rtos/freertos/freertos_kernel/portable/MemMang/heap_4.c.obj
 .bss.xNumberOfSuccessfulFrees
                0x00000000200028a0        0x4 CMakeFiles/freertos_template.elf.dir/home/petro/SDK_2.8.2_EVK-MIMXRT1010/rtos/freertos/freertos_kernel/portable/MemMang/heap_4.c.obj
 .bss.xStart    0x00000000200028a4        0x8 CMakeFiles/freertos_template.elf.dir/home/petro/SDK_2.8.2_EVK-MIMXRT1010/rtos/freertos/freertos_kernel/portable/MemMang/heap_4.c.obj
 .bss.xQueueRegistry
                0x00000000200028ac       0x40 CMakeFiles/freertos_template.elf.dir/home/petro/SDK_2.8.2_EVK-MIMXRT1010/rtos/freertos/freertos_kernel/queue.c.obj
                0x00000000200028ac                xQueueRegistry
 .bss.pxCurrentTCB
                0x00000000200028ec        0x4 CMakeFiles/freertos_template.elf.dir/home/petro/SDK_2.8.2_EVK-MIMXRT1010/rtos/freertos/freertos_kernel/tasks.c.obj
                0x00000000200028ec                pxCurrentTCB
 .bss.pxDelayedTaskList
                0x00000000200028f0        0x4 CMakeFiles/freertos_template.elf.dir/home/petro/SDK_2.8.2_EVK-MIMXRT1010/rtos/freertos/freertos_kernel/tasks.c.obj
 .bss.pxOverflowDelayedTaskList
                0x00000000200028f4        0x4 CMakeFiles/freertos_template.elf.dir/home/petro/SDK_2.8.2_EVK-MIMXRT1010/rtos/freertos/freertos_kernel/tasks.c.obj
 .bss.pxReadyTasksLists
                0x00000000200028f8       0x64 CMakeFiles/freertos_template.elf.dir/home/petro/SDK_2.8.2_EVK-MIMXRT1010/rtos/freertos/freertos_kernel/tasks.c.obj
 .bss.uxCurrentNumberOfTasks
                0x000000002000295c        0x4 CMakeFiles/freertos_template.elf.dir/home/petro/SDK_2.8.2_EVK-MIMXRT1010/rtos/freertos/freertos_kernel/tasks.c.obj
 .bss.uxDeletedTasksWaitingCleanUp
                0x0000000020002960        0x4 CMakeFiles/freertos_template.elf.dir/home/petro/SDK_2.8.2_EVK-MIMXRT1010/rtos/freertos/freertos_kernel/tasks.c.obj
 .bss.uxSchedulerSuspended
                0x0000000020002964        0x4 CMakeFiles/freertos_template.elf.dir/home/petro/SDK_2.8.2_EVK-MIMXRT1010/rtos/freertos/freertos_kernel/tasks.c.obj
 .bss.uxTaskNumber
                0x0000000020002968        0x4 CMakeFiles/freertos_template.elf.dir/home/petro/SDK_2.8.2_EVK-MIMXRT1010/rtos/freertos/freertos_kernel/tasks.c.obj
 .bss.uxTopReadyPriority
                0x000000002000296c        0x4 CMakeFiles/freertos_template.elf.dir/home/petro/SDK_2.8.2_EVK-MIMXRT1010/rtos/freertos/freertos_kernel/tasks.c.obj
 .bss.xDelayedTaskList1
                0x0000000020002970       0x14 CMakeFiles/freertos_template.elf.dir/home/petro/SDK_2.8.2_EVK-MIMXRT1010/rtos/freertos/freertos_kernel/tasks.c.obj
 .bss.xDelayedTaskList2
                0x0000000020002984       0x14 CMakeFiles/freertos_template.elf.dir/home/petro/SDK_2.8.2_EVK-MIMXRT1010/rtos/freertos/freertos_kernel/tasks.c.obj
 .bss.xIdleTaskHandle
                0x0000000020002998        0x4 CMakeFiles/freertos_template.elf.dir/home/petro/SDK_2.8.2_EVK-MIMXRT1010/rtos/freertos/freertos_kernel/tasks.c.obj
 .bss.xNextTaskUnblockTime
                0x000000002000299c        0x4 CMakeFiles/freertos_template.elf.dir/home/petro/SDK_2.8.2_EVK-MIMXRT1010/rtos/freertos/freertos_kernel/tasks.c.obj
 .bss.xNumOfOverflows
                0x00000000200029a0        0x4 CMakeFiles/freertos_template.elf.dir/home/petro/SDK_2.8.2_EVK-MIMXRT1010/rtos/freertos/freertos_kernel/tasks.c.obj
 .bss.xPendedTicks
                0x00000000200029a4        0x4 CMakeFiles/freertos_template.elf.dir/home/petro/SDK_2.8.2_EVK-MIMXRT1010/rtos/freertos/freertos_kernel/tasks.c.obj
 .bss.xPendingReadyList
                0x00000000200029a8       0x14 CMakeFiles/freertos_template.elf.dir/home/petro/SDK_2.8.2_EVK-MIMXRT1010/rtos/freertos/freertos_kernel/tasks.c.obj
 .bss.xSchedulerRunning
                0x00000000200029bc        0x4 CMakeFiles/freertos_template.elf.dir/home/petro/SDK_2.8.2_EVK-MIMXRT1010/rtos/freertos/freertos_kernel/tasks.c.obj
 .bss.xSuspendedTaskList
                0x00000000200029c0       0x14 CMakeFiles/freertos_template.elf.dir/home/petro/SDK_2.8.2_EVK-MIMXRT1010/rtos/freertos/freertos_kernel/tasks.c.obj
 .bss.xTasksWaitingTermination
                0x00000000200029d4       0x14 CMakeFiles/freertos_template.elf.dir/home/petro/SDK_2.8.2_EVK-MIMXRT1010/rtos/freertos/freertos_kernel/tasks.c.obj
 .bss.xTickCount
                0x00000000200029e8        0x4 CMakeFiles/freertos_template.elf.dir/home/petro/SDK_2.8.2_EVK-MIMXRT1010/rtos/freertos/freertos_kernel/tasks.c.obj
 .bss.xYieldPending
                0x00000000200029ec        0x4 CMakeFiles/freertos_template.elf.dir/home/petro/SDK_2.8.2_EVK-MIMXRT1010/rtos/freertos/freertos_kernel/tasks.c.obj
 .bss.pxCurrentTimerList
                0x00000000200029f0        0x4 CMakeFiles/freertos_template.elf.dir/home/petro/SDK_2.8.2_EVK-MIMXRT1010/rtos/freertos/freertos_kernel/timers.c.obj
 .bss.pxOverflowTimerList
                0x00000000200029f4        0x4 CMakeFiles/freertos_template.elf.dir/home/petro/SDK_2.8.2_EVK-MIMXRT1010/rtos/freertos/freertos_kernel/timers.c.obj
 .bss.xActiveTimerList1
                0x00000000200029f8       0x14 CMakeFiles/freertos_template.elf.dir/home/petro/SDK_2.8.2_EVK-MIMXRT1010/rtos/freertos/freertos_kernel/timers.c.obj
 .bss.xActiveTimerList2
                0x0000000020002a0c       0x14 CMakeFiles/freertos_template.elf.dir/home/petro/SDK_2.8.2_EVK-MIMXRT1010/rtos/freertos/freertos_kernel/timers.c.obj
 .bss.xLastTime.6367
                0x0000000020002a20        0x4 CMakeFiles/freertos_template.elf.dir/home/petro/SDK_2.8.2_EVK-MIMXRT1010/rtos/freertos/freertos_kernel/timers.c.obj
 .bss.xTimerQueue
                0x0000000020002a24        0x4 CMakeFiles/freertos_template.elf.dir/home/petro/SDK_2.8.2_EVK-MIMXRT1010/rtos/freertos/freertos_kernel/timers.c.obj
 .bss.xTimerTaskHandle
                0x0000000020002a28        0x4 CMakeFiles/freertos_template.elf.dir/home/petro/SDK_2.8.2_EVK-MIMXRT1010/rtos/freertos/freertos_kernel/timers.c.obj
 .bss._ZZL8led_taskPvE6pinSet
                0x0000000020002a2c        0x1 CMakeFiles/freertos_template.elf.dir/home/petro/MCUXpressoSDK/freertos_template/user/main.cpp.obj
 *fill*         0x0000000020002a2d        0x3 
 .bss.g_rtcXtalFreq
                0x0000000020002a30        0x4 CMakeFiles/freertos_template.elf.dir/home/petro/SDK_2.8.2_EVK-MIMXRT1010/devices/MIMXRT1011/drivers/fsl_clock.c.obj
                0x0000000020002a30                g_rtcXtalFreq
 .bss.g_xtalFreq
                0x0000000020002a34        0x4 CMakeFiles/freertos_template.elf.dir/home/petro/SDK_2.8.2_EVK-MIMXRT1010/devices/MIMXRT1011/drivers/fsl_clock.c.obj
                0x0000000020002a34                g_xtalFreq
 .bss.s_lpi2cMasterHandle
                0x0000000020002a38        0xc CMakeFiles/freertos_template.elf.dir/home/petro/SDK_2.8.2_EVK-MIMXRT1010/devices/MIMXRT1011/drivers/fsl_lpi2c.c.obj
 .bss.s_lpi2cMasterIsr
                0x0000000020002a44        0x4 CMakeFiles/freertos_template.elf.dir/home/petro/SDK_2.8.2_EVK-MIMXRT1010/devices/MIMXRT1011/drivers/fsl_lpi2c.c.obj
 .bss.s_lpi2cSlaveHandle
                0x0000000020002a48        0xc CMakeFiles/freertos_template.elf.dir/home/petro/SDK_2.8.2_EVK-MIMXRT1010/devices/MIMXRT1011/drivers/fsl_lpi2c.c.obj
 .bss.s_lpi2cSlaveIsr
                0x0000000020002a54        0x4 CMakeFiles/freertos_template.elf.dir/home/petro/SDK_2.8.2_EVK-MIMXRT1010/devices/MIMXRT1011/drivers/fsl_lpi2c.c.obj
 .bss.s_lpuartHandle
                0x0000000020002a58       0x14 CMakeFiles/freertos_template.elf.dir/home/petro/SDK_2.8.2_EVK-MIMXRT1010/devices/MIMXRT1011/drivers/fsl_lpuart.c.obj
 .bss.s_lpuartIsr
                0x0000000020002a6c        0x4 CMakeFiles/freertos_template.elf.dir/home/petro/SDK_2.8.2_EVK-MIMXRT1010/devices/MIMXRT1011/drivers/fsl_lpuart.c.obj
 .bss.s_flexspiHandle
                0x0000000020002a70        0x4 CMakeFiles/freertos_template.elf.dir/home/petro/SDK_2.8.2_EVK-MIMXRT1010/devices/MIMXRT1011/drivers/fsl_flexspi.c.obj
 .bss.s_flexspiIsr
                0x0000000020002a74        0x4 CMakeFiles/freertos_template.elf.dir/home/petro/SDK_2.8.2_EVK-MIMXRT1010/devices/MIMXRT1011/drivers/fsl_flexspi.c.obj
 .bss.g_serialHandle
                0x0000000020002a78        0x4 CMakeFiles/freertos_template.elf.dir/home/petro/SDK_2.8.2_EVK-MIMXRT1010/devices/MIMXRT1011/utilities/debug_console/fsl_debug_console.c.obj
                0x0000000020002a78                g_serialHandle
 .bss.s_debugConsoleState
                0x0000000020002a7c       0x1c CMakeFiles/freertos_template.elf.dir/home/petro/SDK_2.8.2_EVK-MIMXRT1010/devices/MIMXRT1011/utilities/debug_console/fsl_debug_console.c.obj
 *(COMMON)
                0x0000000020002a98                . = ALIGN (0x4)
                0x0000000020002a98                __bss_end__ = .
                0x0000000020002a98                __END_BSS = .

.heap           0x0000000020002a98      0x400 load address 0x0000000000005b8c
                0x0000000020002a98                . = ALIGN (0x8)
                0x0000000020002a98                __end__ = .
                0x0000000020002a98                PROVIDE (end = .)
                0x0000000020002a98                __HeapBase = .
                0x0000000020002e98                . = (. + HEAP_SIZE)
 *fill*         0x0000000020002a98      0x400 
                0x0000000020002e98                __HeapLimit = .
                0x0000000020002e98                __heap_limit = .

.stack          0x0000000020002e98      0x400 load address 0x0000000000005f8c
                0x0000000020002e98                . = ALIGN (0x8)
                0x0000000020003298                . = (. + STACK_SIZE)
 *fill*         0x0000000020002e98      0x400 
                0x0000000020008000                __StackTop = (ORIGIN (m_data) + LENGTH (m_data))
                0x0000000020007c00                __StackLimit = (__StackTop - STACK_SIZE)
                0x0000000020008000                PROVIDE (__stack = __StackTop)

.ARM.attributes
                0x0000000000000000       0x30
 *(.ARM.attributes)
 .ARM.attributes
                0x0000000000000000       0x1e /home/petro/gcc-arm-none-eabi-9-2020-q2-update/bin/../lib/gcc/arm-none-eabi/9.3.1/thumb/v7e-m+fp/hard/crti.o
 .ARM.attributes
                0x000000000000001e       0x34 /home/petro/gcc-arm-none-eabi-9-2020-q2-update/bin/../lib/gcc/arm-none-eabi/9.3.1/thumb/v7e-m+fp/hard/crtbegin.o
 .ARM.attributes
                0x0000000000000052       0x1c /home/petro/gcc-arm-none-eabi-9-2020-q2-update/bin/../lib/gcc/arm-none-eabi/9.3.1/../../../../arm-none-eabi/lib/thumb/v7e-m+fp/hard/crt0.o
 .ARM.attributes
                0x000000000000006e       0x34 CMakeFiles/freertos_template.elf.dir/home/petro/SDK_2.8.2_EVK-MIMXRT1010/rtos/freertos/freertos_kernel/list.c.obj
 .ARM.attributes
                0x00000000000000a2       0x34 CMakeFiles/freertos_template.elf.dir/home/petro/SDK_2.8.2_EVK-MIMXRT1010/rtos/freertos/freertos_kernel/portable/GCC/ARM_CM4F/port.c.obj
 .ARM.attributes
                0x00000000000000d6       0x34 CMakeFiles/freertos_template.elf.dir/home/petro/SDK_2.8.2_EVK-MIMXRT1010/rtos/freertos/freertos_kernel/portable/MemMang/heap_4.c.obj
 .ARM.attributes
                0x000000000000010a       0x34 CMakeFiles/freertos_template.elf.dir/home/petro/SDK_2.8.2_EVK-MIMXRT1010/rtos/freertos/freertos_kernel/queue.c.obj
 .ARM.attributes
                0x000000000000013e       0x34 CMakeFiles/freertos_template.elf.dir/home/petro/SDK_2.8.2_EVK-MIMXRT1010/rtos/freertos/freertos_kernel/tasks.c.obj
 .ARM.attributes
                0x0000000000000172       0x34 CMakeFiles/freertos_template.elf.dir/home/petro/SDK_2.8.2_EVK-MIMXRT1010/rtos/freertos/freertos_kernel/timers.c.obj
 .ARM.attributes
                0x00000000000001a6       0x34 CMakeFiles/freertos_template.elf.dir/home/petro/MCUXpressoSDK/freertos_template/user/main.cpp.obj
 .ARM.attributes
                0x00000000000001da       0x34 CMakeFiles/freertos_template.elf.dir/home/petro/MCUXpressoSDK/freertos_template/board/pin_mux.c.obj
 .ARM.attributes
                0x000000000000020e       0x34 CMakeFiles/freertos_template.elf.dir/home/petro/MCUXpressoSDK/freertos_template/board/peripherals.c.obj
 .ARM.attributes
                0x0000000000000242       0x34 CMakeFiles/freertos_template.elf.dir/home/petro/MCUXpressoSDK/freertos_template/board/clock_config.c.obj
 .ARM.attributes
                0x0000000000000276       0x34 CMakeFiles/freertos_template.elf.dir/home/petro/SDK_2.8.2_EVK-MIMXRT1010/devices/MIMXRT1011/drivers/fsl_clock.c.obj
 .ARM.attributes
                0x00000000000002aa       0x34 CMakeFiles/freertos_template.elf.dir/home/petro/SDK_2.8.2_EVK-MIMXRT1010/devices/MIMXRT1011/drivers/fsl_lpi2c.c.obj
 .ARM.attributes
                0x00000000000002de       0x34 CMakeFiles/freertos_template.elf.dir/home/petro/SDK_2.8.2_EVK-MIMXRT1010/devices/MIMXRT1011/drivers/fsl_lpuart.c.obj
 .ARM.attributes
                0x0000000000000312       0x34 CMakeFiles/freertos_template.elf.dir/home/petro/SDK_2.8.2_EVK-MIMXRT1010/devices/MIMXRT1011/drivers/fsl_gpio.c.obj
 .ARM.attributes
                0x0000000000000346       0x34 CMakeFiles/freertos_template.elf.dir/home/petro/SDK_2.8.2_EVK-MIMXRT1010/devices/MIMXRT1011/drivers/fsl_flexspi.c.obj
 .ARM.attributes
                0x000000000000037a       0x34 CMakeFiles/freertos_template.elf.dir/home/petro/SDK_2.8.2_EVK-MIMXRT1010/devices/MIMXRT1011/system_MIMXRT1011.c.obj
 .ARM.attributes
                0x00000000000003ae       0x1f CMakeFiles/freertos_template.elf.dir/home/petro/SDK_2.8.2_EVK-MIMXRT1010/devices/MIMXRT1011/gcc/startup_MIMXRT1011.S.obj
 .ARM.attributes
                0x00000000000003cd       0x34 CMakeFiles/freertos_template.elf.dir/home/petro/SDK_2.8.2_EVK-MIMXRT1010/devices/MIMXRT1011/utilities/str/fsl_str.c.obj
 .ARM.attributes
                0x0000000000000401       0x34 CMakeFiles/freertos_template.elf.dir/home/petro/SDK_2.8.2_EVK-MIMXRT1010/devices/MIMXRT1011/utilities/debug_console/fsl_debug_console.c.obj
 .ARM.attributes
                0x0000000000000435       0x34 CMakeFiles/freertos_template.elf.dir/home/petro/SDK_2.8.2_EVK-MIMXRT1010/components/uart/lpuart_adapter.c.obj
 .ARM.attributes
                0x0000000000000469       0x34 CMakeFiles/freertos_template.elf.dir/home/petro/SDK_2.8.2_EVK-MIMXRT1010/components/serial_manager/serial_manager.c.obj
 .ARM.attributes
                0x000000000000049d       0x34 CMakeFiles/freertos_template.elf.dir/home/petro/SDK_2.8.2_EVK-MIMXRT1010/components/serial_manager/serial_port_uart.c.obj
 .ARM.attributes
                0x00000000000004d1       0x34 /home/petro/gcc-arm-none-eabi-9-2020-q2-update/bin/../lib/gcc/arm-none-eabi/9.3.1/../../../../arm-none-eabi/lib/thumb/v7e-m+fp/hard/libc_nano.a(lib_a-exit.o)
 .ARM.attributes
                0x0000000000000505       0x32 /home/petro/gcc-arm-none-eabi-9-2020-q2-update/bin/../lib/gcc/arm-none-eabi/9.3.1/../../../../arm-none-eabi/lib/thumb/v7e-m+fp/hard/libc_nano.a(lib_a-impure.o)
 .ARM.attributes
                0x0000000000000537       0x34 /home/petro/gcc-arm-none-eabi-9-2020-q2-update/bin/../lib/gcc/arm-none-eabi/9.3.1/../../../../arm-none-eabi/lib/thumb/v7e-m+fp/hard/libc_nano.a(lib_a-init.o)
 .ARM.attributes
                0x000000000000056b       0x34 /home/petro/gcc-arm-none-eabi-9-2020-q2-update/bin/../lib/gcc/arm-none-eabi/9.3.1/../../../../arm-none-eabi/lib/thumb/v7e-m+fp/hard/libc_nano.a(lib_a-memcpy-stub.o)
 .ARM.attributes
                0x000000000000059f       0x34 /home/petro/gcc-arm-none-eabi-9-2020-q2-update/bin/../lib/gcc/arm-none-eabi/9.3.1/../../../../arm-none-eabi/lib/thumb/v7e-m+fp/hard/libc_nano.a(lib_a-memset.o)
 .ARM.attributes
                0x00000000000005d3       0x17 /home/petro/gcc-arm-none-eabi-9-2020-q2-update/bin/../lib/gcc/arm-none-eabi/9.3.1/../../../../arm-none-eabi/lib/thumb/v7e-m+fp/hard/libc_nano.a(lib_a-strlen.o)
 .ARM.attributes
                0x00000000000005ea       0x34 /home/petro/gcc-arm-none-eabi-9-2020-q2-update/bin/../lib/gcc/arm-none-eabi/9.3.1/../../../../arm-none-eabi/lib/thumb/v7e-m+fp/hard/libnosys.a(_exit.o)
 .ARM.attributes
                0x000000000000061e       0x1e /home/petro/gcc-arm-none-eabi-9-2020-q2-update/bin/../lib/gcc/arm-none-eabi/9.3.1/thumb/v7e-m+fp/hard/crtn.o
                0x0000000000000001                ASSERT ((__StackLimit >= __HeapLimit), region m_data overflowed with stack and heap)
OUTPUT(release/freertos_template.elf elf32-littlearm)
LOAD linker stubs

.comment        0x0000000000000000       0x4c
 .comment       0x0000000000000000       0x4c CMakeFiles/freertos_template.elf.dir/home/petro/SDK_2.8.2_EVK-MIMXRT1010/rtos/freertos/freertos_kernel/list.c.obj
                                         0x4d (size before relaxing)
 .comment       0x000000000000004c       0x4d CMakeFiles/freertos_template.elf.dir/home/petro/SDK_2.8.2_EVK-MIMXRT1010/rtos/freertos/freertos_kernel/portable/GCC/ARM_CM4F/port.c.obj
 .comment       0x000000000000004c       0x4d CMakeFiles/freertos_template.elf.dir/home/petro/SDK_2.8.2_EVK-MIMXRT1010/rtos/freertos/freertos_kernel/portable/MemMang/heap_4.c.obj
 .comment       0x000000000000004c       0x4d CMakeFiles/freertos_template.elf.dir/home/petro/SDK_2.8.2_EVK-MIMXRT1010/rtos/freertos/freertos_kernel/queue.c.obj
 .comment       0x000000000000004c       0x4d CMakeFiles/freertos_template.elf.dir/home/petro/SDK_2.8.2_EVK-MIMXRT1010/rtos/freertos/freertos_kernel/tasks.c.obj
 .comment       0x000000000000004c       0x4d CMakeFiles/freertos_template.elf.dir/home/petro/SDK_2.8.2_EVK-MIMXRT1010/rtos/freertos/freertos_kernel/timers.c.obj
 .comment       0x000000000000004c       0x4d CMakeFiles/freertos_template.elf.dir/home/petro/MCUXpressoSDK/freertos_template/user/main.cpp.obj
 .comment       0x000000000000004c       0x4d CMakeFiles/freertos_template.elf.dir/home/petro/MCUXpressoSDK/freertos_template/board/pin_mux.c.obj
 .comment       0x000000000000004c       0x4d CMakeFiles/freertos_template.elf.dir/home/petro/MCUXpressoSDK/freertos_template/board/peripherals.c.obj
 .comment       0x000000000000004c       0x4d CMakeFiles/freertos_template.elf.dir/home/petro/MCUXpressoSDK/freertos_template/board/clock_config.c.obj
 .comment       0x000000000000004c       0x4d CMakeFiles/freertos_template.elf.dir/home/petro/SDK_2.8.2_EVK-MIMXRT1010/devices/MIMXRT1011/drivers/fsl_clock.c.obj
 .comment       0x000000000000004c       0x4d CMakeFiles/freertos_template.elf.dir/home/petro/SDK_2.8.2_EVK-MIMXRT1010/devices/MIMXRT1011/drivers/fsl_lpi2c.c.obj
 .comment       0x000000000000004c       0x4d CMakeFiles/freertos_template.elf.dir/home/petro/SDK_2.8.2_EVK-MIMXRT1010/devices/MIMXRT1011/drivers/fsl_lpuart.c.obj
 .comment       0x000000000000004c       0x4d CMakeFiles/freertos_template.elf.dir/home/petro/SDK_2.8.2_EVK-MIMXRT1010/devices/MIMXRT1011/drivers/fsl_gpio.c.obj
 .comment       0x000000000000004c       0x4d CMakeFiles/freertos_template.elf.dir/home/petro/SDK_2.8.2_EVK-MIMXRT1010/devices/MIMXRT1011/drivers/fsl_flexspi.c.obj
 .comment       0x000000000000004c       0x4d CMakeFiles/freertos_template.elf.dir/home/petro/SDK_2.8.2_EVK-MIMXRT1010/devices/MIMXRT1011/system_MIMXRT1011.c.obj
 .comment       0x000000000000004c       0x4d CMakeFiles/freertos_template.elf.dir/home/petro/SDK_2.8.2_EVK-MIMXRT1010/devices/MIMXRT1011/utilities/str/fsl_str.c.obj
 .comment       0x000000000000004c       0x4d CMakeFiles/freertos_template.elf.dir/home/petro/SDK_2.8.2_EVK-MIMXRT1010/devices/MIMXRT1011/utilities/debug_console/fsl_debug_console.c.obj
 .comment       0x000000000000004c       0x4d CMakeFiles/freertos_template.elf.dir/home/petro/SDK_2.8.2_EVK-MIMXRT1010/components/uart/lpuart_adapter.c.obj
 .comment       0x000000000000004c       0x4d CMakeFiles/freertos_template.elf.dir/home/petro/SDK_2.8.2_EVK-MIMXRT1010/components/serial_manager/serial_manager.c.obj
 .comment       0x000000000000004c       0x4d CMakeFiles/freertos_template.elf.dir/home/petro/SDK_2.8.2_EVK-MIMXRT1010/components/serial_manager/serial_port_uart.c.obj

.debug_frame    0x0000000000000000       0xbc
 .debug_frame   0x0000000000000000       0x28 /home/petro/gcc-arm-none-eabi-9-2020-q2-update/bin/../lib/gcc/arm-none-eabi/9.3.1/../../../../arm-none-eabi/lib/thumb/v7e-m+fp/hard/libc_nano.a(lib_a-exit.o)
 .debug_frame   0x0000000000000028       0x2c /home/petro/gcc-arm-none-eabi-9-2020-q2-update/bin/../lib/gcc/arm-none-eabi/9.3.1/../../../../arm-none-eabi/lib/thumb/v7e-m+fp/hard/libc_nano.a(lib_a-init.o)
 .debug_frame   0x0000000000000054       0x28 /home/petro/gcc-arm-none-eabi-9-2020-q2-update/bin/../lib/gcc/arm-none-eabi/9.3.1/../../../../arm-none-eabi/lib/thumb/v7e-m+fp/hard/libc_nano.a(lib_a-memcpy-stub.o)
 .debug_frame   0x000000000000007c       0x20 /home/petro/gcc-arm-none-eabi-9-2020-q2-update/bin/../lib/gcc/arm-none-eabi/9.3.1/../../../../arm-none-eabi/lib/thumb/v7e-m+fp/hard/libc_nano.a(lib_a-memset.o)
 .debug_frame   0x000000000000009c       0x20 /home/petro/gcc-arm-none-eabi-9-2020-q2-update/bin/../lib/gcc/arm-none-eabi/9.3.1/../../../../arm-none-eabi/lib/thumb/v7e-m+fp/hard/libnosys.a(_exit.o)
