Archive member included to satisfy reference by file (symbol)

/home/petro/gcc-arm-none-eabi-9-2020-q2-update/bin/../lib/gcc/arm-none-eabi/9.3.1/thumb/v7e-m+fp/hard/libgcc.a(_aeabi_ldivmod.o)
                              CMakeFiles/standalone_template.elf.dir/home/petro/SDK_2.8.2_EVK-MIMXRT1010/devices/MIMXRT1011/system_MIMXRT1011.c.obj (__aeabi_ldivmod)
/home/petro/gcc-arm-none-eabi-9-2020-q2-update/bin/../lib/gcc/arm-none-eabi/9.3.1/thumb/v7e-m+fp/hard/libgcc.a(_aeabi_uldivmod.o)
                              CMakeFiles/standalone_template.elf.dir/home/petro/SDK_2.8.2_EVK-MIMXRT1010/devices/MIMXRT1011/drivers/fsl_clock.c.obj (__aeabi_uldivmod)
/home/petro/gcc-arm-none-eabi-9-2020-q2-update/bin/../lib/gcc/arm-none-eabi/9.3.1/thumb/v7e-m+fp/hard/libgcc.a(_udivmoddi4.o)
                              /home/petro/gcc-arm-none-eabi-9-2020-q2-update/bin/../lib/gcc/arm-none-eabi/9.3.1/thumb/v7e-m+fp/hard/libgcc.a(_aeabi_ldivmod.o) (__udivmoddi4)
/home/petro/gcc-arm-none-eabi-9-2020-q2-update/bin/../lib/gcc/arm-none-eabi/9.3.1/thumb/v7e-m+fp/hard/libgcc.a(_dvmd_tls.o)
                              /home/petro/gcc-arm-none-eabi-9-2020-q2-update/bin/../lib/gcc/arm-none-eabi/9.3.1/thumb/v7e-m+fp/hard/libgcc.a(_aeabi_ldivmod.o) (__aeabi_ldiv0)
/home/petro/gcc-arm-none-eabi-9-2020-q2-update/bin/../lib/gcc/arm-none-eabi/9.3.1/../../../../arm-none-eabi/lib/thumb/v7e-m+fp/hard/libc_nano.a(lib_a-errno.o)
                              CMakeFiles/standalone_template.elf.dir/home/petro/SDK_2.8.2_EVK-MIMXRT1010/devices/MIMXRT1011/utilities/fsl_sbrk.c.obj (__errno)
/home/petro/gcc-arm-none-eabi-9-2020-q2-update/bin/../lib/gcc/arm-none-eabi/9.3.1/../../../../arm-none-eabi/lib/thumb/v7e-m+fp/hard/libc_nano.a(lib_a-exit.o)
                              /home/petro/gcc-arm-none-eabi-9-2020-q2-update/bin/../lib/gcc/arm-none-eabi/9.3.1/../../../../arm-none-eabi/lib/thumb/v7e-m+fp/hard/crt0.o (exit)
/home/petro/gcc-arm-none-eabi-9-2020-q2-update/bin/../lib/gcc/arm-none-eabi/9.3.1/../../../../arm-none-eabi/lib/thumb/v7e-m+fp/hard/libc_nano.a(lib_a-impure.o)
                              /home/petro/gcc-arm-none-eabi-9-2020-q2-update/bin/../lib/gcc/arm-none-eabi/9.3.1/../../../../arm-none-eabi/lib/thumb/v7e-m+fp/hard/libc_nano.a(lib_a-exit.o) (_global_impure_ptr)
/home/petro/gcc-arm-none-eabi-9-2020-q2-update/bin/../lib/gcc/arm-none-eabi/9.3.1/../../../../arm-none-eabi/lib/thumb/v7e-m+fp/hard/libc_nano.a(lib_a-init.o)
                              /home/petro/gcc-arm-none-eabi-9-2020-q2-update/bin/../lib/gcc/arm-none-eabi/9.3.1/../../../../arm-none-eabi/lib/thumb/v7e-m+fp/hard/crt0.o (__libc_init_array)
/home/petro/gcc-arm-none-eabi-9-2020-q2-update/bin/../lib/gcc/arm-none-eabi/9.3.1/../../../../arm-none-eabi/lib/thumb/v7e-m+fp/hard/libc_nano.a(lib_a-malloc.o)
                              CMakeFiles/standalone_template.elf.dir/home/petro/SDK_2.8.2_EVK-MIMXRT1010/devices/MIMXRT1011/drivers/fsl_common.c.obj (malloc)
/home/petro/gcc-arm-none-eabi-9-2020-q2-update/bin/../lib/gcc/arm-none-eabi/9.3.1/../../../../arm-none-eabi/lib/thumb/v7e-m+fp/hard/libc_nano.a(lib_a-memcpy-stub.o)
                              CMakeFiles/standalone_template.elf.dir/home/petro/SDK_2.8.2_EVK-MIMXRT1010/devices/MIMXRT1011/utilities/str/fsl_str.c.obj (memcpy)
/home/petro/gcc-arm-none-eabi-9-2020-q2-update/bin/../lib/gcc/arm-none-eabi/9.3.1/../../../../arm-none-eabi/lib/thumb/v7e-m+fp/hard/libc_nano.a(lib_a-memset.o)
                              /home/petro/gcc-arm-none-eabi-9-2020-q2-update/bin/../lib/gcc/arm-none-eabi/9.3.1/../../../../arm-none-eabi/lib/thumb/v7e-m+fp/hard/crt0.o (memset)
/home/petro/gcc-arm-none-eabi-9-2020-q2-update/bin/../lib/gcc/arm-none-eabi/9.3.1/../../../../arm-none-eabi/lib/thumb/v7e-m+fp/hard/libc_nano.a(lib_a-nano-freer.o)
                              /home/petro/gcc-arm-none-eabi-9-2020-q2-update/bin/../lib/gcc/arm-none-eabi/9.3.1/../../../../arm-none-eabi/lib/thumb/v7e-m+fp/hard/libc_nano.a(lib_a-malloc.o) (_free_r)
/home/petro/gcc-arm-none-eabi-9-2020-q2-update/bin/../lib/gcc/arm-none-eabi/9.3.1/../../../../arm-none-eabi/lib/thumb/v7e-m+fp/hard/libc_nano.a(lib_a-nano-mallocr.o)
                              /home/petro/gcc-arm-none-eabi-9-2020-q2-update/bin/../lib/gcc/arm-none-eabi/9.3.1/../../../../arm-none-eabi/lib/thumb/v7e-m+fp/hard/libc_nano.a(lib_a-malloc.o) (_malloc_r)
/home/petro/gcc-arm-none-eabi-9-2020-q2-update/bin/../lib/gcc/arm-none-eabi/9.3.1/../../../../arm-none-eabi/lib/thumb/v7e-m+fp/hard/libc_nano.a(lib_a-sbrkr.o)
                              /home/petro/gcc-arm-none-eabi-9-2020-q2-update/bin/../lib/gcc/arm-none-eabi/9.3.1/../../../../arm-none-eabi/lib/thumb/v7e-m+fp/hard/libc_nano.a(lib_a-nano-mallocr.o) (_sbrk_r)
/home/petro/gcc-arm-none-eabi-9-2020-q2-update/bin/../lib/gcc/arm-none-eabi/9.3.1/../../../../arm-none-eabi/lib/thumb/v7e-m+fp/hard/libc_nano.a(lib_a-strlen.o)
[...]
Memory Configuration

Name             Origin             Length             Attributes
m_interrupts     0x0000000000000000 0x0000000000000400 xr
m_text           0x0000000000000400 0x0000000000007c00 xr
m_data           0x0000000020000000 0x0000000000008000 rw
m_data2          0x0000000020200000 0x0000000000010000 rw
*default*        0x0000000000000000 0xffffffffffffffff

Linker script and memory map

LOAD /home/petro/gcc-arm-none-eabi-9-2020-q2-update/bin/../lib/gcc/arm-none-eabi/9.3.1/thumb/v7e-m+fp/hard/crti.o
LOAD /home/petro/gcc-arm-none-eabi-9-2020-q2-update/bin/../lib/gcc/arm-none-eabi/9.3.1/thumb/v7e-m+fp/hard/crtbegin.o
LOAD /home/petro/gcc-arm-none-eabi-9-2020-q2-update/bin/../lib/gcc/arm-none-eabi/9.3.1/../../../../arm-none-eabi/lib/thumb/v7e-m+fp/hard/crt0.o
LOAD CMakeFiles/standalone_template.elf.dir/home/petro/MCUXpressoSDK/standalone_template/user/main.cpp.obj
LOAD CMakeFiles/standalone_template.elf.dir/home/petro/MCUXpressoSDK/standalone_template/board/pin_mux.c.obj
LOAD CMakeFiles/standalone_template.elf.dir/home/petro/MCUXpressoSDK/standalone_template/board/peripherals.c.obj
LOAD CMakeFiles/standalone_template.elf.dir/home/petro/MCUXpressoSDK/standalone_template/board/clock_config.c.obj
LOAD CMakeFiles/standalone_template.elf.dir/home/petro/SDK_2.8.2_EVK-MIMXRT1010/devices/MIMXRT1011/drivers/fsl_clock.c.obj
LOAD CMakeFiles/standalone_template.elf.dir/home/petro/SDK_2.8.2_EVK-MIMXRT1010/devices/MIMXRT1011/drivers/fsl_common.c.obj
LOAD CMakeFiles/standalone_template.elf.dir/home/petro/SDK_2.8.2_EVK-MIMXRT1010/devices/MIMXRT1011/drivers/fsl_lpi2c.c.obj
LOAD CMakeFiles/standalone_template.elf.dir/home/petro/SDK_2.8.2_EVK-MIMXRT1010/devices/MIMXRT1011/drivers/fsl_lpuart.c.obj
LOAD CMakeFiles/standalone_template.elf.dir/home/petro/SDK_2.8.2_EVK-MIMXRT1010/devices/MIMXRT1011/drivers/fsl_gpio.c.obj
LOAD CMakeFiles/standalone_template.elf.dir/home/petro/SDK_2.8.2_EVK-MIMXRT1010/devices/MIMXRT1011/drivers/fsl_flexspi.c.obj
LOAD CMakeFiles/standalone_template.elf.dir/home/petro/SDK_2.8.2_EVK-MIMXRT1010/devices/MIMXRT1011/drivers/fsl_adc.c.obj
LOAD CMakeFiles/standalone_template.elf.dir/home/petro/SDK_2.8.2_EVK-MIMXRT1010/devices/MIMXRT1011/system_MIMXRT1011.c.obj
LOAD CMakeFiles/standalone_template.elf.dir/home/petro/SDK_2.8.2_EVK-MIMXRT1010/devices/MIMXRT1011/gcc/startup_MIMXRT1011.S.obj
LOAD CMakeFiles/standalone_template.elf.dir/home/petro/SDK_2.8.2_EVK-MIMXRT1010/devices/MIMXRT1011/utilities/str/fsl_str.c.obj
LOAD CMakeFiles/standalone_template.elf.dir/home/petro/SDK_2.8.2_EVK-MIMXRT1010/devices/MIMXRT1011/utilities/debug_console/fsl_debug_console.c.obj
LOAD CMakeFiles/standalone_template.elf.dir/home/petro/SDK_2.8.2_EVK-MIMXRT1010/devices/MIMXRT1011/utilities/fsl_assert.c.obj
LOAD CMakeFiles/standalone_template.elf.dir/home/petro/SDK_2.8.2_EVK-MIMXRT1010/devices/MIMXRT1011/utilities/fsl_sbrk.c.obj
LOAD CMakeFiles/standalone_template.elf.dir/home/petro/SDK_2.8.2_EVK-MIMXRT1010/devices/MIMXRT1011/xip/fsl_flexspi_nor_boot.c.obj
LOAD CMakeFiles/standalone_template.elf.dir/home/petro/SDK_2.8.2_EVK-MIMXRT1010/boards/evkmimxrt1010/xip/evkmimxrt1010_flexspi_nor_config.c.obj
LOAD CMakeFiles/standalone_template.elf.dir/home/petro/SDK_2.8.2_EVK-MIMXRT1010/components/uart/lpuart_adapter.c.obj
LOAD CMakeFiles/standalone_template.elf.dir/home/petro/SDK_2.8.2_EVK-MIMXRT1010/components/serial_manager/serial_manager.c.obj
LOAD CMakeFiles/standalone_template.elf.dir/home/petro/SDK_2.8.2_EVK-MIMXRT1010/components/lists/generic_list.c.obj
LOAD CMakeFiles/standalone_template.elf.dir/home/petro/SDK_2.8.2_EVK-MIMXRT1010/components/serial_manager/serial_port_uart.c.obj
START GROUP
LOAD /home/petro/gcc-arm-none-eabi-9-2020-q2-update/bin/../lib/gcc/arm-none-eabi/9.3.1/thumb/v7e-m+fp/hard/libgcc.a
LOAD /home/petro/gcc-arm-none-eabi-9-2020-q2-update/bin/../lib/gcc/arm-none-eabi/9.3.1/../../../../arm-none-eabi/lib/thumb/v7e-m+fp/hard/libnosys.a
LOAD /home/petro/gcc-arm-none-eabi-9-2020-q2-update/bin/../lib/gcc/arm-none-eabi/9.3.1/../../../../arm-none-eabi/lib/thumb/v7e-m+fp/hard/libm.a
LOAD /home/petro/gcc-arm-none-eabi-9-2020-q2-update/bin/../lib/gcc/arm-none-eabi/9.3.1/../../../../arm-none-eabi/lib/thumb/v7e-m+fp/hard/libc_nano.a
LOAD /home/petro/gcc-arm-none-eabi-9-2020-q2-update/bin/../lib/gcc/arm-none-eabi/9.3.1/thumb/v7e-m+fp/hard/libgcc.a
LOAD /home/petro/gcc-arm-none-eabi-9-2020-q2-update/bin/../lib/gcc/arm-none-eabi/9.3.1/../../../../arm-none-eabi/lib/thumb/v7e-m+fp/hard/libnosys.a
LOAD /home/petro/gcc-arm-none-eabi-9-2020-q2-update/bin/../lib/gcc/arm-none-eabi/9.3.1/../../../../arm-none-eabi/lib/thumb/v7e-m+fp/hard/libm.a
LOAD /home/petro/gcc-arm-none-eabi-9-2020-q2-update/bin/../lib/gcc/arm-none-eabi/9.3.1/../../../../arm-none-eabi/lib/thumb/v7e-m+fp/hard/libc_nano.a
LOAD /home/petro/gcc-arm-none-eabi-9-2020-q2-update/bin/../lib/gcc/arm-none-eabi/9.3.1/thumb/v7e-m+fp/hard/libgcc.a
LOAD /home/petro/gcc-arm-none-eabi-9-2020-q2-update/bin/../lib/gcc/arm-none-eabi/9.3.1/../../../../arm-none-eabi/lib/thumb/v7e-m+fp/hard/libnosys.a
END GROUP
LOAD /home/petro/gcc-arm-none-eabi-9-2020-q2-update/bin/../lib/gcc/arm-none-eabi/9.3.1/../../../../arm-none-eabi/lib/thumb/v7e-m+fp/hard/libm.a
LOAD /home/petro/gcc-arm-none-eabi-9-2020-q2-update/bin/../lib/gcc/arm-none-eabi/9.3.1/../../../../arm-none-eabi/lib/thumb/v7e-m+fp/hard/libc_nano.a
LOAD /home/petro/gcc-arm-none-eabi-9-2020-q2-update/bin/../lib/gcc/arm-none-eabi/9.3.1/thumb/v7e-m+fp/hard/libgcc.a
LOAD /home/petro/gcc-arm-none-eabi-9-2020-q2-update/bin/../lib/gcc/arm-none-eabi/9.3.1/../../../../arm-none-eabi/lib/thumb/v7e-m+fp/hard/libnosys.a
LOAD /home/petro/gcc-arm-none-eabi-9-2020-q2-update/bin/../lib/gcc/arm-none-eabi/9.3.1/../../../../arm-none-eabi/lib/thumb/v7e-m+fp/hard/libstdc++_nano.a
LOAD /home/petro/gcc-arm-none-eabi-9-2020-q2-update/bin/../lib/gcc/arm-none-eabi/9.3.1/../../../../arm-none-eabi/lib/thumb/v7e-m+fp/hard/libm.a
LOAD /home/petro/gcc-arm-none-eabi-9-2020-q2-update/bin/../lib/gcc/arm-none-eabi/9.3.1/../../../../arm-none-eabi/lib/thumb/v7e-m+fp/hard/libc_nano.a
START GROUP
LOAD /home/petro/gcc-arm-none-eabi-9-2020-q2-update/bin/../lib/gcc/arm-none-eabi/9.3.1/thumb/v7e-m+fp/hard/libgcc.a
LOAD /home/petro/gcc-arm-none-eabi-9-2020-q2-update/bin/../lib/gcc/arm-none-eabi/9.3.1/../../../../arm-none-eabi/lib/thumb/v7e-m+fp/hard/libc_nano.a
END GROUP
START GROUP
LOAD /home/petro/gcc-arm-none-eabi-9-2020-q2-update/bin/../lib/gcc/arm-none-eabi/9.3.1/thumb/v7e-m+fp/hard/libgcc.a
LOAD /home/petro/gcc-arm-none-eabi-9-2020-q2-update/bin/../lib/gcc/arm-none-eabi/9.3.1/../../../../arm-none-eabi/lib/thumb/v7e-m+fp/hard/libc_nano.a
LOAD /home/petro/gcc-arm-none-eabi-9-2020-q2-update/bin/../lib/gcc/arm-none-eabi/9.3.1/../../../../arm-none-eabi/lib/thumb/v7e-m+fp/hard/libnosys.a
END GROUP
START GROUP
LOAD /home/petro/gcc-arm-none-eabi-9-2020-q2-update/bin/../lib/gcc/arm-none-eabi/9.3.1/thumb/v7e-m+fp/hard/libgcc.a
LOAD /home/petro/gcc-arm-none-eabi-9-2020-q2-update/bin/../lib/gcc/arm-none-eabi/9.3.1/../../../../arm-none-eabi/lib/thumb/v7e-m+fp/hard/libc_nano.a
LOAD /home/petro/gcc-arm-none-eabi-9-2020-q2-update/bin/../lib/gcc/arm-none-eabi/9.3.1/../../../../arm-none-eabi/lib/thumb/v7e-m+fp/hard/libnosys.a
END GROUP
LOAD /home/petro/gcc-arm-none-eabi-9-2020-q2-update/bin/../lib/gcc/arm-none-eabi/9.3.1/thumb/v7e-m+fp/hard/crtend.o
LOAD /home/petro/gcc-arm-none-eabi-9-2020-q2-update/bin/../lib/gcc/arm-none-eabi/9.3.1/thumb/v7e-m+fp/hard/crtn.o
                0x0000000000000400                HEAP_SIZE = DEFINED (__heap_size__)?__heap_size__:0x400
                0x0000000000000400                STACK_SIZE = DEFINED (__stack_size__)?__stack_size__:0x400
                0x0000000020200000                __NCACHE_REGION_START = ORIGIN (m_data2)
                0x0000000000000000                __NCACHE_REGION_SIZE = 0x0

.interrupts     0x0000000000000000      0x400
                0x0000000000000000                __VECTOR_TABLE = .
                0x0000000000000000                __Vectors = .
                0x0000000000000000                . = ALIGN (0x4)
 *(.isr_vector)
 .isr_vector    0x0000000000000000      0x400 CMakeFiles/standalone_template.elf.dir/home/petro/SDK_2.8.2_EVK-MIMXRT1010/devices/MIMXRT1011/gcc/startup_MIMXRT1011.S.obj
                0x0000000000000000                __isr_vector
                0x0000000000000400                . = ALIGN (0x4)

.text           0x0000000000000400     0x17c4
                0x0000000000000400                . = ALIGN (0x4)
 *(.text)
 .text          0x0000000000000400       0x40 /home/petro/gcc-arm-none-eabi-9-2020-q2-update/bin/../lib/gcc/arm-none-eabi/9.3.1/thumb/v7e-m+fp/hard/crtbegin.o
 .text          0x0000000000000440       0x7c /home/petro/gcc-arm-none-eabi-9-2020-q2-update/bin/../lib/gcc/arm-none-eabi/9.3.1/../../../../arm-none-eabi/lib/thumb/v7e-m+fp/hard/crt0.o
                0x0000000000000440                _stack_init
                0x0000000000000448                _mainCRTStartup
                0x0000000000000448                _start
 .text          0x00000000000004bc      0x1b0 CMakeFiles/standalone_template.elf.dir/home/petro/SDK_2.8.2_EVK-MIMXRT1010/devices/MIMXRT1011/gcc/startup_MIMXRT1011.S.obj
                0x00000000000004bc                Reset_Handler
                0x0000000000000548                LPSPI2_DriverIRQHandler
                0x0000000000000548                ADC_ETC_IRQ0_IRQHandler
                0x0000000000000548                DebugMon_Handler
                0x0000000000000548                SAI3_RX_DriverIRQHandler
                0x0000000000000548                DMA0_DriverIRQHandler
                0x0000000000000548                DMA12_DriverIRQHandler
                0x0000000000000548                SRC_IRQHandler
                0x0000000000000548                GPIO2_Combined_0_15_IRQHandler
                0x0000000000000548                SPDIF_DriverIRQHandler
                0x0000000000000548                SNVS_LP_WRAPPER_IRQHandler
                0x0000000000000548                CCM_1_IRQHandler
                0x0000000000000548                ADC_ETC_IRQ1_IRQHandler
                0x0000000000000548                CTI0_ERROR_IRQHandler
                0x0000000000000548                ADC_ETC_IRQ3_IRQHandler
                0x0000000000000548                GPIO5_Combined_0_15_IRQHandler
                0x0000000000000548                PWM1_0_IRQHandler
                0x0000000000000548                Reserved68_IRQHandler
                0x0000000000000548                DMA6_DriverIRQHandler
                0x0000000000000548                DCP_VMI_IRQHandler
                0x0000000000000548                UsageFault_Handler
                0x0000000000000548                WDOG1_IRQHandler
                0x0000000000000548                GPT1_IRQHandler
                0x0000000000000548                DefaultISR
                0x0000000000000548                PWM1_1_IRQHandler
                0x0000000000000548                DMA11_DriverIRQHandler
                0x0000000000000548                Reserved71_IRQHandler
                0x0000000000000548                DMA10_DriverIRQHandler
                0x0000000000000548                CSU_IRQHandler
                0x0000000000000548                Reserved70_IRQHandler
                0x0000000000000548                ADC1_IRQHandler
                0x0000000000000548                DMA5_DriverIRQHandler
                0x0000000000000548                DMA4_DriverIRQHandler
                0x0000000000000548                FLEXIO1_DriverIRQHandler
                0x0000000000000548                GPIO1_Combined_16_31_IRQHandler
                0x0000000000000548                RTWDOG_IRQHandler
                0x0000000000000548                SAI1_DriverIRQHandler
                0x0000000000000548                EWM_IRQHandler
                0x0000000000000548                TEMP_LOW_HIGH_IRQHandler
                0x0000000000000548                DMA3_DriverIRQHandler
                0x0000000000000548                WDOG2_IRQHandler
                0x0000000000000548                CORE_IRQHandler
                0x0000000000000548                TEMP_PANIC_IRQHandler
                0x0000000000000548                DMA9_DriverIRQHandler
                0x0000000000000548                DMA8_DriverIRQHandler
                0x0000000000000548                PWM1_2_IRQHandler
                0x0000000000000548                GPR_IRQ_IRQHandler
                0x0000000000000548                GPC_IRQHandler
                0x0000000000000548                DCDC_IRQHandler
                0x0000000000000548                DMA14_DriverIRQHandler
                0x0000000000000548                USB_OTG1_IRQHandler
                0x0000000000000548                ADC_ETC_ERROR_IRQ_IRQHandler
                0x0000000000000548                ADC_ETC_IRQ2_IRQHandler
                0x0000000000000548                CCM_2_IRQHandler
                0x0000000000000548                KPP_IRQHandler
                0x0000000000000548                MemManage_Handler
                0x0000000000000548                PIT_IRQHandler
                0x0000000000000548                SNVS_HP_WRAPPER_IRQHandler
                0x0000000000000548                DMA1_DriverIRQHandler
                0x0000000000000548                DCP_IRQHandler
                0x0000000000000548                GPIO1_Combined_0_15_IRQHandler
                0x0000000000000548                LPSPI1_DriverIRQHandler
                0x0000000000000548                DMA13_DriverIRQHandler
                0x0000000000000548                PWM1_FAULT_IRQHandler
                0x0000000000000548                DMA15_DriverIRQHandler
                0x0000000000000548                PMU_IRQHandler
                0x0000000000000548                SNVS_HP_WRAPPER_TZ_IRQHandler
                0x0000000000000548                SAI3_TX_DriverIRQHandler
                0x0000000000000548                GPT2_IRQHandler
                0x0000000000000548                FLEXRAM_IRQHandler
                0x0000000000000548                USB_PHY_IRQHandler
                0x0000000000000548                BusFault_Handler
                0x0000000000000548                DMA2_DriverIRQHandler
                0x0000000000000548                DMA_ERROR_DriverIRQHandler
                0x0000000000000548                DMA7_DriverIRQHandler
                0x0000000000000548                TRNG_IRQHandler
                0x0000000000000548                XBAR1_IRQ_0_1_2_3_IRQHandler
                0x0000000000000548                CTI1_ERROR_IRQHandler
                0x0000000000000548                PWM1_3_IRQHandler
                0x000000000000054c                NMI_Handler
                0x0000000000000550                HardFault_Handler
                0x0000000000000554                SVC_Handler
                0x0000000000000558                PendSV_Handler
                0x000000000000055c                SysTick_Handler
                0x0000000000000560                DMA0_IRQHandler
                0x0000000000000564                DMA1_IRQHandler
                0x0000000000000568                DMA2_IRQHandler
                0x000000000000056c                DMA3_IRQHandler
                0x0000000000000570                DMA4_IRQHandler
                0x0000000000000574                DMA5_IRQHandler
                0x0000000000000578                DMA6_IRQHandler
                0x000000000000057c                DMA7_IRQHandler
                0x0000000000000580                DMA8_IRQHandler
                0x0000000000000584                DMA9_IRQHandler
                0x0000000000000588                DMA10_IRQHandler
                0x000000000000058c                DMA11_IRQHandler
                0x0000000000000590                DMA12_IRQHandler
                0x0000000000000594                DMA13_IRQHandler
                0x0000000000000598                DMA14_IRQHandler
                0x000000000000059c                DMA15_IRQHandler
                0x00000000000005a0                DMA_ERROR_IRQHandler
                0x00000000000005a4                LPUART1_IRQHandler
                0x00000000000005a8                LPUART2_IRQHandler
                0x00000000000005ac                LPUART3_IRQHandler
                0x00000000000005b0                LPUART4_IRQHandler
                0x00000000000005b4                FLEXSPI_IRQHandler
                0x00000000000005b8                LPI2C1_IRQHandler
                0x00000000000005bc                LPI2C2_IRQHandler
                0x00000000000005c0                LPSPI1_IRQHandler
                0x00000000000005c4                LPSPI2_IRQHandler
                0x00000000000005c8                SAI1_IRQHandler
                0x00000000000005cc                SAI3_RX_IRQHandler
                0x00000000000005d0                SAI3_TX_IRQHandler
                0x00000000000005d4                SPDIF_IRQHandler
                0x00000000000005d8                FLEXIO1_IRQHandler
 .text          0x000000000000066c       0x30 /home/petro/gcc-arm-none-eabi-9-2020-q2-update/bin/../lib/gcc/arm-none-eabi/9.3.1/thumb/v7e-m+fp/hard/libgcc.a(_aeabi_uldivmod.o)
                0x000000000000066c                __aeabi_uldivmod
 .text          0x000000000000069c      0x2c4 /home/petro/gcc-arm-none-eabi-9-2020-q2-update/bin/../lib/gcc/arm-none-eabi/9.3.1/thumb/v7e-m+fp/hard/libgcc.a(_udivmoddi4.o)
                0x000000000000069c                __udivmoddi4
 .text          0x0000000000000960        0x4 /home/petro/gcc-arm-none-eabi-9-2020-q2-update/bin/../lib/gcc/arm-none-eabi/9.3.1/thumb/v7e-m+fp/hard/libgcc.a(_dvmd_tls.o)
                0x0000000000000960                __aeabi_ldiv0
                0x0000000000000960                __aeabi_idiv0
 .text          0x0000000000000964       0x10 /home/petro/gcc-arm-none-eabi-9-2020-q2-update/bin/../lib/gcc/arm-none-eabi/9.3.1/../../../../arm-none-eabi/lib/thumb/v7e-m+fp/hard/libc_nano.a(lib_a-strlen.o)
                0x0000000000000964                strlen
 *(.text*)
 .text.startup.main
                0x0000000000000974       0x68 CMakeFiles/standalone_template.elf.dir/home/petro/MCUXpressoSDK/standalone_template/user/main.cpp.obj
                0x0000000000000974                main
 .text.CLOCK_EnableClock.constprop.0
                0x00000000000009dc       0x10 CMakeFiles/standalone_template.elf.dir/home/petro/MCUXpressoSDK/standalone_template/board/pin_mux.c.obj
 .text.BOARD_InitDEBUG_UARTPins
                0x00000000000009ec       0x2c CMakeFiles/standalone_template.elf.dir/home/petro/MCUXpressoSDK/standalone_template/board/pin_mux.c.obj
                0x00000000000009ec                BOARD_InitDEBUG_UARTPins
 .text.BOARD_InitBootPins
                0x0000000000000a18        0x4 CMakeFiles/standalone_template.elf.dir/home/petro/MCUXpressoSDK/standalone_template/board/pin_mux.c.obj
                0x0000000000000a18                BOARD_InitBootPins
 .text.BOARD_InitLEDPins
                0x0000000000000a1c       0x50 CMakeFiles/standalone_template.elf.dir/home/petro/MCUXpressoSDK/standalone_template/board/pin_mux.c.obj
                0x0000000000000a1c                BOARD_InitLEDPins
 .text.BOARD_InitPeripherals
                0x0000000000000a6c       0x24 CMakeFiles/standalone_template.elf.dir/home/petro/MCUXpressoSDK/standalone_template/board/peripherals.c.obj
                0x0000000000000a6c                BOARD_InitPeripherals
 .text.BOARD_InitBootPeripherals
                0x0000000000000a90        0x4 CMakeFiles/standalone_template.elf.dir/home/petro/MCUXpressoSDK/standalone_template/board/peripherals.c.obj
                0x0000000000000a90                BOARD_InitBootPeripherals
 .text.CLOCK_SetMux
                0x0000000000000a94       0x44 CMakeFiles/standalone_template.elf.dir/home/petro/MCUXpressoSDK/standalone_template/board/clock_config.c.obj
 .text.CLOCK_DisableClock
                0x0000000000000ad8       0x24 CMakeFiles/standalone_template.elf.dir/home/petro/MCUXpressoSDK/standalone_template/board/clock_config.c.obj
 .text.BOARD_BootClockRUN
                0x0000000000000afc      0x3d8 CMakeFiles/standalone_template.elf.dir/home/petro/MCUXpressoSDK/standalone_template/board/clock_config.c.obj
                0x0000000000000afc                BOARD_BootClockRUN
 .text.BOARD_InitBootClocks
                0x0000000000000ed4        0x4 CMakeFiles/standalone_template.elf.dir/home/petro/MCUXpressoSDK/standalone_template/board/clock_config.c.obj
                0x0000000000000ed4                BOARD_InitBootClocks
 .text.CLOCK_InitExternalClk
                0x0000000000000ed8       0x30 CMakeFiles/standalone_template.elf.dir/home/petro/SDK_2.8.2_EVK-MIMXRT1010/devices/MIMXRT1011/drivers/fsl_clock.c.obj
                0x0000000000000ed8                CLOCK_InitExternalClk
 .text.CLOCK_SwitchOsc
                0x0000000000000f08       0x18 CMakeFiles/standalone_template.elf.dir/home/petro/SDK_2.8.2_EVK-MIMXRT1010/devices/MIMXRT1011/drivers/fsl_clock.c.obj
                0x0000000000000f08                CLOCK_SwitchOsc
 .text.CLOCK_InitRcOsc24M
                0x0000000000000f20       0x14 CMakeFiles/standalone_template.elf.dir/home/petro/SDK_2.8.2_EVK-MIMXRT1010/devices/MIMXRT1011/drivers/fsl_clock.c.obj
                0x0000000000000f20                CLOCK_InitRcOsc24M
 .text.CLOCK_InitSysPll
                0x0000000000000f34       0x68 CMakeFiles/standalone_template.elf.dir/home/petro/SDK_2.8.2_EVK-MIMXRT1010/devices/MIMXRT1011/drivers/fsl_clock.c.obj
                0x0000000000000f34                CLOCK_InitSysPll
 .text.CLOCK_InitUsb1Pll
                0x0000000000000f9c       0x44 CMakeFiles/standalone_template.elf.dir/home/petro/SDK_2.8.2_EVK-MIMXRT1010/devices/MIMXRT1011/drivers/fsl_clock.c.obj
                0x0000000000000f9c                CLOCK_InitUsb1Pll
 .text.CLOCK_DeinitAudioPll
                0x0000000000000fe0       0x10 CMakeFiles/standalone_template.elf.dir/home/petro/SDK_2.8.2_EVK-MIMXRT1010/devices/MIMXRT1011/drivers/fsl_clock.c.obj
                0x0000000000000fe0                CLOCK_DeinitAudioPll
 .text.CLOCK_InitEnetPll
                0x0000000000000ff0       0x50 CMakeFiles/standalone_template.elf.dir/home/petro/SDK_2.8.2_EVK-MIMXRT1010/devices/MIMXRT1011/drivers/fsl_clock.c.obj
                0x0000000000000ff0                CLOCK_InitEnetPll
 .text.CLOCK_InitSysPfd
                0x0000000000001040       0x30 CMakeFiles/standalone_template.elf.dir/home/petro/SDK_2.8.2_EVK-MIMXRT1010/devices/MIMXRT1011/drivers/fsl_clock.c.obj
                0x0000000000001040                CLOCK_InitSysPfd
 .text.CLOCK_InitUsb1Pfd
                0x0000000000001070       0x30 CMakeFiles/standalone_template.elf.dir/home/petro/SDK_2.8.2_EVK-MIMXRT1010/devices/MIMXRT1011/drivers/fsl_clock.c.obj
                0x0000000000001070                CLOCK_InitUsb1Pfd
 .text.SDK_DelayAtLeastUs
                0x00000000000010a0       0x20 CMakeFiles/standalone_template.elf.dir/home/petro/SDK_2.8.2_EVK-MIMXRT1010/devices/MIMXRT1011/drivers/fsl_common.c.obj
                0x00000000000010a0                SDK_DelayAtLeastUs
 .text.LPI2C_CommonIRQHandler
                0x00000000000010c0       0x48 CMakeFiles/standalone_template.elf.dir/home/petro/SDK_2.8.2_EVK-MIMXRT1010/devices/MIMXRT1011/drivers/fsl_lpi2c.c.obj
 .text.LPI2C1_DriverIRQHandler
                0x0000000000001108        0xc CMakeFiles/standalone_template.elf.dir/home/petro/SDK_2.8.2_EVK-MIMXRT1010/devices/MIMXRT1011/drivers/fsl_lpi2c.c.obj
                0x0000000000001108                LPI2C1_DriverIRQHandler
 .text.LPI2C2_DriverIRQHandler
                0x0000000000001114        0xc CMakeFiles/standalone_template.elf.dir/home/petro/SDK_2.8.2_EVK-MIMXRT1010/devices/MIMXRT1011/drivers/fsl_lpi2c.c.obj
                0x0000000000001114                LPI2C2_DriverIRQHandler
 .text.CLOCK_ControlGate
                0x0000000000001120       0x24 CMakeFiles/standalone_template.elf.dir/home/petro/SDK_2.8.2_EVK-MIMXRT1010/devices/MIMXRT1011/drivers/fsl_lpuart.c.obj
 .text.LPUART_GetInstance
                0x0000000000001144       0x38 CMakeFiles/standalone_template.elf.dir/home/petro/SDK_2.8.2_EVK-MIMXRT1010/devices/MIMXRT1011/drivers/fsl_lpuart.c.obj
                0x0000000000001144                LPUART_GetInstance
 .text.LPUART_Init
                0x000000000000117c      0x19c CMakeFiles/standalone_template.elf.dir/home/petro/SDK_2.8.2_EVK-MIMXRT1010/devices/MIMXRT1011/drivers/fsl_lpuart.c.obj
                0x000000000000117c                LPUART_Init
 .text.LPUART_GetDefaultConfig
                0x0000000000001318       0x1e CMakeFiles/standalone_template.elf.dir/home/petro/SDK_2.8.2_EVK-MIMXRT1010/devices/MIMXRT1011/drivers/fsl_lpuart.c.obj
                0x0000000000001318                LPUART_GetDefaultConfig
 .text.LPUART_WriteBlocking
                0x0000000000001336       0x1e CMakeFiles/standalone_template.elf.dir/home/petro/SDK_2.8.2_EVK-MIMXRT1010/devices/MIMXRT1011/drivers/fsl_lpuart.c.obj
                0x0000000000001336                LPUART_WriteBlocking
 .text.LPUART1_DriverIRQHandler
                0x0000000000001354       0x20 CMakeFiles/standalone_template.elf.dir/home/petro/SDK_2.8.2_EVK-MIMXRT1010/devices/MIMXRT1011/drivers/fsl_lpuart.c.obj
                0x0000000000001354                LPUART1_DriverIRQHandler
 .text.LPUART2_DriverIRQHandler
                0x0000000000001374       0x20 CMakeFiles/standalone_template.elf.dir/home/petro/SDK_2.8.2_EVK-MIMXRT1010/devices/MIMXRT1011/drivers/fsl_lpuart.c.obj
                0x0000000000001374                LPUART2_DriverIRQHandler
 .text.LPUART3_DriverIRQHandler
                0x0000000000001394       0x20 CMakeFiles/standalone_template.elf.dir/home/petro/SDK_2.8.2_EVK-MIMXRT1010/devices/MIMXRT1011/drivers/fsl_lpuart.c.obj
                0x0000000000001394                LPUART3_DriverIRQHandler
 .text.LPUART4_DriverIRQHandler
                0x00000000000013b4       0x20 CMakeFiles/standalone_template.elf.dir/home/petro/SDK_2.8.2_EVK-MIMXRT1010/devices/MIMXRT1011/drivers/fsl_lpuart.c.obj
                0x00000000000013b4                LPUART4_DriverIRQHandler
 .text.GPIO_PinWrite
                0x00000000000013d4       0x16 CMakeFiles/standalone_template.elf.dir/home/petro/SDK_2.8.2_EVK-MIMXRT1010/devices/MIMXRT1011/drivers/fsl_gpio.c.obj
                0x00000000000013d4                GPIO_PinWrite
 .text.GPIO_PinSetInterruptConfig
                0x00000000000013ea       0x7c CMakeFiles/standalone_template.elf.dir/home/petro/SDK_2.8.2_EVK-MIMXRT1010/devices/MIMXRT1011/drivers/fsl_gpio.c.obj
                0x00000000000013ea                GPIO_PinSetInterruptConfig
 *fill*         0x0000000000001466        0x2 
 .text.GPIO_PinInit
                0x0000000000001468       0x90 CMakeFiles/standalone_template.elf.dir/home/petro/SDK_2.8.2_EVK-MIMXRT1010/devices/MIMXRT1011/drivers/fsl_gpio.c.obj
                0x0000000000001468                GPIO_PinInit
 .text.FLEXSPI_DriverIRQHandler
                0x00000000000014f8       0x20 CMakeFiles/standalone_template.elf.dir/home/petro/SDK_2.8.2_EVK-MIMXRT1010/devices/MIMXRT1011/drivers/fsl_flexspi.c.obj
                0x00000000000014f8                FLEXSPI_DriverIRQHandler
 .text.SystemInitHook
                0x0000000000001518        0x2 CMakeFiles/standalone_template.elf.dir/home/petro/SDK_2.8.2_EVK-MIMXRT1010/devices/MIMXRT1011/system_MIMXRT1011.c.obj
                0x0000000000001518                SystemInitHook
 *fill*         0x000000000000151a        0x2 
 .text.SystemInit
                0x000000000000151c      0x124 CMakeFiles/standalone_template.elf.dir/home/petro/SDK_2.8.2_EVK-MIMXRT1010/devices/MIMXRT1011/system_MIMXRT1011.c.obj
                0x000000000000151c                SystemInit
 .text.PrintOutputdifFobpu.isra.0
                0x0000000000001640       0x28 CMakeFiles/standalone_template.elf.dir/home/petro/SDK_2.8.2_EVK-MIMXRT1010/devices/MIMXRT1011/utilities/str/fsl_str.c.obj
 .text.StrFormatPrintf
                0x0000000000001668      0x1f8 CMakeFiles/standalone_template.elf.dir/home/petro/SDK_2.8.2_EVK-MIMXRT1010/devices/MIMXRT1011/utilities/str/fsl_str.c.obj
                0x0000000000001668                StrFormatPrintf
 .text.DbgConsole_SendDataReliable
                0x0000000000001860       0x2c CMakeFiles/standalone_template.elf.dir/home/petro/SDK_2.8.2_EVK-MIMXRT1010/devices/MIMXRT1011/utilities/debug_console/fsl_debug_console.c.obj
                0x0000000000001860                DbgConsole_SendDataReliable
 .text.DbgConsole_PrintCallback
                0x000000000000188c       0x3a CMakeFiles/standalone_template.elf.dir/home/petro/SDK_2.8.2_EVK-MIMXRT1010/devices/MIMXRT1011/utilities/debug_console/fsl_debug_console.c.obj
 *fill*         0x00000000000018c6        0x2 
 .text.DbgConsole_Init
                0x00000000000018c8       0x68 CMakeFiles/standalone_template.elf.dir/home/petro/SDK_2.8.2_EVK-MIMXRT1010/devices/MIMXRT1011/utilities/debug_console/fsl_debug_console.c.obj
                0x00000000000018c8                DbgConsole_Init
 .text.DbgConsole_Printf
                0x0000000000001930       0x40 CMakeFiles/standalone_template.elf.dir/home/petro/SDK_2.8.2_EVK-MIMXRT1010/devices/MIMXRT1011/utilities/debug_console/fsl_debug_console.c.obj
                0x0000000000001930                DbgConsole_Printf
 .text.HAL_UartInit
                0x0000000000001970       0x70 CMakeFiles/standalone_template.elf.dir/home/petro/SDK_2.8.2_EVK-MIMXRT1010/components/uart/lpuart_adapter.c.obj
                0x0000000000001970                HAL_UartInit
 .text.HAL_UartSendBlocking
                0x00000000000019e0       0x18 CMakeFiles/standalone_template.elf.dir/home/petro/SDK_2.8.2_EVK-MIMXRT1010/components/uart/lpuart_adapter.c.obj
                0x00000000000019e0                HAL_UartSendBlocking
 .text.SerialManager_Init
                0x00000000000019f8       0x2a CMakeFiles/standalone_template.elf.dir/home/petro/SDK_2.8.2_EVK-MIMXRT1010/components/serial_manager/serial_manager.c.obj
                0x00000000000019f8                SerialManager_Init
 .text.SerialManager_OpenWriteHandle
                0x0000000000001a22       0x26 CMakeFiles/standalone_template.elf.dir/home/petro/SDK_2.8.2_EVK-MIMXRT1010/components/serial_manager/serial_manager.c.obj
                0x0000000000001a22                SerialManager_OpenWriteHandle
 .text.SerialManager_OpenReadHandle
                0x0000000000001a48       0x30 CMakeFiles/standalone_template.elf.dir/home/petro/SDK_2.8.2_EVK-MIMXRT1010/components/serial_manager/serial_manager.c.obj
                0x0000000000001a48                SerialManager_OpenReadHandle
 .text.SerialManager_WriteBlocking
                0x0000000000001a78       0x14 CMakeFiles/standalone_template.elf.dir/home/petro/SDK_2.8.2_EVK-MIMXRT1010/components/serial_manager/serial_manager.c.obj
                0x0000000000001a78                SerialManager_WriteBlocking
 .text.Serial_UartInit
                0x0000000000001a8c       0x38 CMakeFiles/standalone_template.elf.dir/home/petro/SDK_2.8.2_EVK-MIMXRT1010/components/serial_manager/serial_port_uart.c.obj
                0x0000000000001a8c                Serial_UartInit
 .text.Serial_UartWrite
                0x0000000000001ac4        0x4 CMakeFiles/standalone_template.elf.dir/home/petro/SDK_2.8.2_EVK-MIMXRT1010/components/serial_manager/serial_port_uart.c.obj
                0x0000000000001ac4                Serial_UartWrite
 .text.exit     0x0000000000001ac8       0x28 /home/petro/gcc-arm-none-eabi-9-2020-q2-update/bin/../lib/gcc/arm-none-eabi/9.3.1/../../../../arm-none-eabi/lib/thumb/v7e-m+fp/hard/libc_nano.a(lib_a-exit.o)
                0x0000000000001ac8                exit
 .text.__libc_init_array
                0x0000000000001af0       0x48 /home/petro/gcc-arm-none-eabi-9-2020-q2-update/bin/../lib/gcc/arm-none-eabi/9.3.1/../../../../arm-none-eabi/lib/thumb/v7e-m+fp/hard/libc_nano.a(lib_a-init.o)
                0x0000000000001af0                __libc_init_array
 .text.memset   0x0000000000001b38       0x10 /home/petro/gcc-arm-none-eabi-9-2020-q2-update/bin/../lib/gcc/arm-none-eabi/9.3.1/../../../../arm-none-eabi/lib/thumb/v7e-m+fp/hard/libc_nano.a(lib_a-memset.o)
                0x0000000000001b38                memset
 .text._exit    0x0000000000001b48        0x4 /home/petro/gcc-arm-none-eabi-9-2020-q2-update/bin/../lib/gcc/arm-none-eabi/9.3.1/../../../../arm-none-eabi/lib/thumb/v7e-m+fp/hard/libnosys.a(_exit.o)
                0x0000000000001b48                _exit
 *(.rodata)
 .rodata        0x0000000000001b4c        0x3 CMakeFiles/standalone_template.elf.dir/home/petro/MCUXpressoSDK/standalone_template/board/pin_mux.c.obj
 *(.rodata*)
 .rodata.main.str1.1
                0x0000000000001b4f       0x13 CMakeFiles/standalone_template.elf.dir/home/petro/MCUXpressoSDK/standalone_template/user/main.cpp.obj
 .rodata.enetPllConfig_BOARD_BootClockRUN
                0x0000000000001b62        0x5 CMakeFiles/standalone_template.elf.dir/home/petro/MCUXpressoSDK/standalone_template/board/clock_config.c.obj
                0x0000000000001b62                enetPllConfig_BOARD_BootClockRUN
 *fill*         0x0000000000001b67        0x1 
 .rodata.sysPllConfig_BOARD_BootClockRUN
                0x0000000000001b68       0x14 CMakeFiles/standalone_template.elf.dir/home/petro/MCUXpressoSDK/standalone_template/board/clock_config.c.obj
                0x0000000000001b68                sysPllConfig_BOARD_BootClockRUN
 .rodata.usb1PllConfig_BOARD_BootClockRUN
                0x0000000000001b7c        0x2 CMakeFiles/standalone_template.elf.dir/home/petro/MCUXpressoSDK/standalone_template/board/clock_config.c.obj
                0x0000000000001b7c                usb1PllConfig_BOARD_BootClockRUN
 .rodata.s_lpuartClock
                0x0000000000001b7e        0xa CMakeFiles/standalone_template.elf.dir/home/petro/SDK_2.8.2_EVK-MIMXRT1010/devices/MIMXRT1011/drivers/fsl_lpuart.c.obj
 .rodata.s_gpioClock
                0x0000000000001b88        0xc CMakeFiles/standalone_template.elf.dir/home/petro/SDK_2.8.2_EVK-MIMXRT1010/devices/MIMXRT1011/drivers/fsl_gpio.c.obj
 .rodata.s_LpuartAdapterBase
                0x0000000000001b94       0x14 CMakeFiles/standalone_template.elf.dir/home/petro/SDK_2.8.2_EVK-MIMXRT1010/components/uart/lpuart_adapter.c.obj
 .rodata._global_impure_ptr
                0x0000000000001ba8        0x4 /home/petro/gcc-arm-none-eabi-9-2020-q2-update/bin/../lib/gcc/arm-none-eabi/9.3.1/../../../../arm-none-eabi/lib/thumb/v7e-m+fp/hard/libc_nano.a(lib_a-impure.o)
                0x0000000000001ba8                _global_impure_ptr
 *(.glue_7)
 .glue_7        0x0000000000001bac        0x0 linker stubs
 *(.glue_7t)
 .glue_7t       0x0000000000001bac        0x0 linker stubs
 *(.eh_frame)
 .eh_frame      0x0000000000001bac        0x0 /home/petro/gcc-arm-none-eabi-9-2020-q2-update/bin/../lib/gcc/arm-none-eabi/9.3.1/thumb/v7e-m+fp/hard/crtbegin.o
 *(.init)
 .init          0x0000000000001bac        0x4 /home/petro/gcc-arm-none-eabi-9-2020-q2-update/bin/../lib/gcc/arm-none-eabi/9.3.1/thumb/v7e-m+fp/hard/crti.o
                0x0000000000001bac                _init
 .init          0x0000000000001bb0        0x8 /home/petro/gcc-arm-none-eabi-9-2020-q2-update/bin/../lib/gcc/arm-none-eabi/9.3.1/thumb/v7e-m+fp/hard/crtn.o
 *(.fini)
 .fini          0x0000000000001bb8        0x4 /home/petro/gcc-arm-none-eabi-9-2020-q2-update/bin/../lib/gcc/arm-none-eabi/9.3.1/thumb/v7e-m+fp/hard/crti.o
                0x0000000000001bb8                _fini
 .fini          0x0000000000001bbc        0x8 /home/petro/gcc-arm-none-eabi-9-2020-q2-update/bin/../lib/gcc/arm-none-eabi/9.3.1/thumb/v7e-m+fp/hard/crtn.o
                0x0000000000001bc4                . = ALIGN (0x4)

.vfp11_veneer   0x0000000000001bc4        0x0
 .vfp11_veneer  0x0000000000001bc4        0x0 linker stubs

.v4_bx          0x0000000000001bc4        0x0
 .v4_bx         0x0000000000001bc4        0x0 linker stubs

.iplt           0x0000000000001bc4        0x0
 .iplt          0x0000000000001bc4        0x0 /home/petro/gcc-arm-none-eabi-9-2020-q2-update/bin/../lib/gcc/arm-none-eabi/9.3.1/thumb/v7e-m+fp/hard/crtbegin.o

.ARM.extab
 *(.ARM.extab* .gnu.linkonce.armextab.*)

.ARM            0x0000000000001bc4        0x8
                0x0000000000001bc4                __exidx_start = .
 *(.ARM.exidx*)
 .ARM.exidx     0x0000000000001bc4        0x8 /home/petro/gcc-arm-none-eabi-9-2020-q2-update/bin/../lib/gcc/arm-none-eabi/9.3.1/../../../../arm-none-eabi/lib/thumb/v7e-m+fp/hard/crt0.o
                                         0x10 (size before relaxing)
 .ARM.exidx     0x0000000000001bcc        0x0 /home/petro/gcc-arm-none-eabi-9-2020-q2-update/bin/../lib/gcc/arm-none-eabi/9.3.1/thumb/v7e-m+fp/hard/libgcc.a(_udivmoddi4.o)
                                          0x8 (size before relaxing)
                0x0000000000001bcc                __exidx_end = .

.rel.dyn        0x0000000000001bcc        0x0
 .rel.iplt      0x0000000000001bcc        0x0 /home/petro/gcc-arm-none-eabi-9-2020-q2-update/bin/../lib/gcc/arm-none-eabi/9.3.1/thumb/v7e-m+fp/hard/crtbegin.o

.ctors          0x0000000000001bcc        0x0
                0x0000000000001bcc                __CTOR_LIST__ = .
 *crtbegin.o(.ctors)
 *crtbegin?.o(.ctors)
 *(EXCLUDE_FILE(*crtend.o *crtend?.o) .ctors)
 *(SORT_BY_NAME(.ctors.*))
 *(.ctors)
                0x0000000000001bcc                __CTOR_END__ = .

.dtors          0x0000000000001bcc        0x0
                0x0000000000001bcc                __DTOR_LIST__ = .
 *crtbegin.o(.dtors)
 *crtbegin?.o(.dtors)
 *(EXCLUDE_FILE(*crtend.o *crtend?.o) .dtors)
 *(SORT_BY_NAME(.dtors.*))
 *(.dtors)
                0x0000000000001bcc                __DTOR_END__ = .

.preinit_array  0x0000000000001bcc        0x0
                0x0000000000001bcc                PROVIDE (__preinit_array_start = .)
 *(.preinit_array*)
                0x0000000000001bcc                PROVIDE (__preinit_array_end = .)

.init_array     0x0000000000001bcc        0x4
                0x0000000000001bcc                PROVIDE (__init_array_start = .)
 *(SORT_BY_NAME(.init_array.*))
 *(.init_array*)
 .init_array    0x0000000000001bcc        0x4 /home/petro/gcc-arm-none-eabi-9-2020-q2-update/bin/../lib/gcc/arm-none-eabi/9.3.1/thumb/v7e-m+fp/hard/crtbegin.o
                0x0000000000001bd0                PROVIDE (__init_array_end = .)

.fini_array     0x0000000000001bd0        0x4
                [!provide]                        PROVIDE (__fini_array_start = .)
 *(SORT_BY_NAME(.fini_array.*))
 *(.fini_array*)
 .fini_array    0x0000000000001bd0        0x4 /home/petro/gcc-arm-none-eabi-9-2020-q2-update/bin/../lib/gcc/arm-none-eabi/9.3.1/thumb/v7e-m+fp/hard/crtbegin.o
                [!provide]                        PROVIDE (__fini_array_end = .)
                0x0000000000001bd4                __etext = .
                0x0000000000001bd4                __DATA_ROM = .
                0x0000000000000000                __VECTOR_RAM = ORIGIN (m_interrupts)
                0x0000000000000000                __RAM_VECTOR_TABLE_SIZE_BYTES = 0x0

.data           0x0000000020000000       0x64 load address 0x0000000000001bd4
                0x0000000020000000                . = ALIGN (0x4)
                0x0000000020000000                __DATA_RAM = .
                0x0000000020000000                __data_start__ = .
 *(m_usb_dma_init_data)
 *(.data)
 *(.data*)
 .data.SystemCoreClock
                0x0000000020000000        0x4 CMakeFiles/standalone_template.elf.dir/home/petro/SDK_2.8.2_EVK-MIMXRT1010/devices/MIMXRT1011/system_MIMXRT1011.c.obj
                0x0000000020000000                SystemCoreClock
 .data.impure_data
                0x0000000020000004       0x60 /home/petro/gcc-arm-none-eabi-9-2020-q2-update/bin/../lib/gcc/arm-none-eabi/9.3.1/../../../../arm-none-eabi/lib/thumb/v7e-m+fp/hard/libc_nano.a(lib_a-impure.o)
 *(.jcr*)
                0x0000000020000064                . = ALIGN (0x4)
                0x0000000020000064                __data_end__ = .
                0x0000000000001c38                __NDATA_ROM = (__DATA_ROM + (__data_end__ - __data_start__))

.igot.plt       0x0000000020000064        0x0 load address 0x0000000000001c38
 .igot.plt      0x0000000020000064        0x0 /home/petro/gcc-arm-none-eabi-9-2020-q2-update/bin/../lib/gcc/arm-none-eabi/9.3.1/thumb/v7e-m+fp/hard/crtbegin.o

.ncache.init    0x0000000020000064        0x0 load address 0x0000000000001c38
                0x0000000020000064                __noncachedata_start__ = .
 *(NonCacheable.init)
                0x0000000020000064                . = ALIGN (0x4)
                0x0000000020000064                __noncachedata_init_end__ = .
                0x0000000020000064                . = __noncachedata_init_end__

.ncache         0x0000000020000064        0x0
 *(NonCacheable)
                0x0000000020000064                . = ALIGN (0x4)
                0x0000000020000064                __noncachedata_end__ = .
                0x0000000000001c38                __DATA_END = (__NDATA_ROM + (__noncachedata_init_end__ - __noncachedata_start__))
                0x0000000000008000                text_end = (ORIGIN (m_text) + LENGTH (m_text))
                0x0000000000000001                ASSERT ((__DATA_END <= text_end), region m_text overflowed with text and data)

.bss            0x0000000020000064       0x88 load address 0x0000000000001c38
                0x0000000020000064                . = ALIGN (0x4)
                0x0000000020000064                __START_BSS = .
                0x0000000020000064                __bss_start__ = .
 *(m_usb_dma_noninit_data)
 *(.bss)
 .bss           0x0000000020000064       0x1c /home/petro/gcc-arm-none-eabi-9-2020-q2-update/bin/../lib/gcc/arm-none-eabi/9.3.1/thumb/v7e-m+fp/hard/crtbegin.o
 *(.bss*)
 .bss._ZL8g_pinSet
                0x0000000020000080        0x1 CMakeFiles/standalone_template.elf.dir/home/petro/MCUXpressoSDK/standalone_template/user/main.cpp.obj
 *fill*         0x0000000020000081        0x3 
 .bss.g_rtcXtalFreq
                0x0000000020000084        0x4 CMakeFiles/standalone_template.elf.dir/home/petro/SDK_2.8.2_EVK-MIMXRT1010/devices/MIMXRT1011/drivers/fsl_clock.c.obj
                0x0000000020000084                g_rtcXtalFreq
 .bss.g_xtalFreq
                0x0000000020000088        0x4 CMakeFiles/standalone_template.elf.dir/home/petro/SDK_2.8.2_EVK-MIMXRT1010/devices/MIMXRT1011/drivers/fsl_clock.c.obj
                0x0000000020000088                g_xtalFreq
 .bss.s_lpi2cMasterHandle
                0x000000002000008c        0xc CMakeFiles/standalone_template.elf.dir/home/petro/SDK_2.8.2_EVK-MIMXRT1010/devices/MIMXRT1011/drivers/fsl_lpi2c.c.obj
 .bss.s_lpi2cMasterIsr
                0x0000000020000098        0x4 CMakeFiles/standalone_template.elf.dir/home/petro/SDK_2.8.2_EVK-MIMXRT1010/devices/MIMXRT1011/drivers/fsl_lpi2c.c.obj
 .bss.s_lpi2cSlaveHandle
                0x000000002000009c        0xc CMakeFiles/standalone_template.elf.dir/home/petro/SDK_2.8.2_EVK-MIMXRT1010/devices/MIMXRT1011/drivers/fsl_lpi2c.c.obj
 .bss.s_lpi2cSlaveIsr
                0x00000000200000a8        0x4 CMakeFiles/standalone_template.elf.dir/home/petro/SDK_2.8.2_EVK-MIMXRT1010/devices/MIMXRT1011/drivers/fsl_lpi2c.c.obj
 .bss.s_lpuartHandle
                0x00000000200000ac       0x14 CMakeFiles/standalone_template.elf.dir/home/petro/SDK_2.8.2_EVK-MIMXRT1010/devices/MIMXRT1011/drivers/fsl_lpuart.c.obj
 .bss.s_lpuartIsr
                0x00000000200000c0        0x4 CMakeFiles/standalone_template.elf.dir/home/petro/SDK_2.8.2_EVK-MIMXRT1010/devices/MIMXRT1011/drivers/fsl_lpuart.c.obj
 .bss.s_flexspiHandle
                0x00000000200000c4        0x4 CMakeFiles/standalone_template.elf.dir/home/petro/SDK_2.8.2_EVK-MIMXRT1010/devices/MIMXRT1011/drivers/fsl_flexspi.c.obj
 .bss.s_flexspiIsr
                0x00000000200000c8        0x4 CMakeFiles/standalone_template.elf.dir/home/petro/SDK_2.8.2_EVK-MIMXRT1010/devices/MIMXRT1011/drivers/fsl_flexspi.c.obj
 .bss.g_serialHandle
                0x00000000200000cc        0x4 CMakeFiles/standalone_template.elf.dir/home/petro/SDK_2.8.2_EVK-MIMXRT1010/devices/MIMXRT1011/utilities/debug_console/fsl_debug_console.c.obj
                0x00000000200000cc                g_serialHandle
 .bss.s_debugConsoleState
                0x00000000200000d0       0x1c CMakeFiles/standalone_template.elf.dir/home/petro/SDK_2.8.2_EVK-MIMXRT1010/devices/MIMXRT1011/utilities/debug_console/fsl_debug_console.c.obj
 *(COMMON)
                0x00000000200000ec                . = ALIGN (0x4)
                0x00000000200000ec                __bss_end__ = .
                0x00000000200000ec                __END_BSS = .

.heap           0x00000000200000ec      0x404 load address 0x0000000000001cc0
                0x00000000200000f0                . = ALIGN (0x8)
 *fill*         0x00000000200000ec        0x4 
                0x00000000200000f0                __end__ = .
                0x00000000200000f0                PROVIDE (end = .)
                0x00000000200000f0                __HeapBase = .
                0x00000000200004f0                . = (. + HEAP_SIZE)
 *fill*         0x00000000200000f0      0x400 
                0x00000000200004f0                __HeapLimit = .
                0x00000000200004f0                __heap_limit = .

.stack          0x00000000200004f0      0x400 load address 0x00000000000020c4
                0x00000000200004f0                . = ALIGN (0x8)
                0x00000000200008f0                . = (. + STACK_SIZE)
 *fill*         0x00000000200004f0      0x400 
                0x0000000020008000                __StackTop = (ORIGIN (m_data) + LENGTH (m_data))
                0x0000000020007c00                __StackLimit = (__StackTop - STACK_SIZE)
                0x0000000020008000                PROVIDE (__stack = __StackTop)

.ARM.attributes
                0x0000000000000000       0x30
 *(.ARM.attributes)
 .ARM.attributes
                0x0000000000000000       0x1e /home/petro/gcc-arm-none-eabi-9-2020-q2-update/bin/../lib/gcc/arm-none-eabi/9.3.1/thumb/v7e-m+fp/hard/crti.o
 .ARM.attributes
                0x000000000000001e       0x34 /home/petro/gcc-arm-none-eabi-9-2020-q2-update/bin/../lib/gcc/arm-none-eabi/9.3.1/thumb/v7e-m+fp/hard/crtbegin.o
 .ARM.attributes
                0x0000000000000052       0x1c /home/petro/gcc-arm-none-eabi-9-2020-q2-update/bin/../lib/gcc/arm-none-eabi/9.3.1/../../../../arm-none-eabi/lib/thumb/v7e-m+fp/hard/crt0.o
 .ARM.attributes
                0x000000000000006e       0x34 CMakeFiles/standalone_template.elf.dir/home/petro/MCUXpressoSDK/standalone_template/user/main.cpp.obj
 .ARM.attributes
                0x00000000000000a2       0x34 CMakeFiles/standalone_template.elf.dir/home/petro/MCUXpressoSDK/standalone_template/board/pin_mux.c.obj
 .ARM.attributes
                0x00000000000000d6       0x34 CMakeFiles/standalone_template.elf.dir/home/petro/MCUXpressoSDK/standalone_template/board/peripherals.c.obj
 .ARM.attributes
                0x000000000000010a       0x34 CMakeFiles/standalone_template.elf.dir/home/petro/MCUXpressoSDK/standalone_template/board/clock_config.c.obj
 .ARM.attributes
                0x000000000000013e       0x34 CMakeFiles/standalone_template.elf.dir/home/petro/SDK_2.8.2_EVK-MIMXRT1010/devices/MIMXRT1011/drivers/fsl_clock.c.obj
 .ARM.attributes
                0x0000000000000172       0x34 CMakeFiles/standalone_template.elf.dir/home/petro/SDK_2.8.2_EVK-MIMXRT1010/devices/MIMXRT1011/drivers/fsl_common.c.obj
 .ARM.attributes
                0x00000000000001a6       0x34 CMakeFiles/standalone_template.elf.dir/home/petro/SDK_2.8.2_EVK-MIMXRT1010/devices/MIMXRT1011/drivers/fsl_lpi2c.c.obj
 .ARM.attributes
                0x00000000000001da       0x34 CMakeFiles/standalone_template.elf.dir/home/petro/SDK_2.8.2_EVK-MIMXRT1010/devices/MIMXRT1011/drivers/fsl_lpuart.c.obj
 .ARM.attributes
                0x000000000000020e       0x34 CMakeFiles/standalone_template.elf.dir/home/petro/SDK_2.8.2_EVK-MIMXRT1010/devices/MIMXRT1011/drivers/fsl_gpio.c.obj
 .ARM.attributes
                0x0000000000000242       0x34 CMakeFiles/standalone_template.elf.dir/home/petro/SDK_2.8.2_EVK-MIMXRT1010/devices/MIMXRT1011/drivers/fsl_flexspi.c.obj
 .ARM.attributes
                0x0000000000000276       0x34 CMakeFiles/standalone_template.elf.dir/home/petro/SDK_2.8.2_EVK-MIMXRT1010/devices/MIMXRT1011/system_MIMXRT1011.c.obj
 .ARM.attributes
                0x00000000000002aa       0x1f CMakeFiles/standalone_template.elf.dir/home/petro/SDK_2.8.2_EVK-MIMXRT1010/devices/MIMXRT1011/gcc/startup_MIMXRT1011.S.obj
 .ARM.attributes
                0x00000000000002c9       0x34 CMakeFiles/standalone_template.elf.dir/home/petro/SDK_2.8.2_EVK-MIMXRT1010/devices/MIMXRT1011/utilities/str/fsl_str.c.obj
 .ARM.attributes
                0x00000000000002fd       0x34 CMakeFiles/standalone_template.elf.dir/home/petro/SDK_2.8.2_EVK-MIMXRT1010/devices/MIMXRT1011/utilities/debug_console/fsl_debug_console.c.obj
 .ARM.attributes
                0x0000000000000331       0x34 CMakeFiles/standalone_template.elf.dir/home/petro/SDK_2.8.2_EVK-MIMXRT1010/components/uart/lpuart_adapter.c.obj
 .ARM.attributes
                0x0000000000000365       0x34 CMakeFiles/standalone_template.elf.dir/home/petro/SDK_2.8.2_EVK-MIMXRT1010/components/serial_manager/serial_manager.c.obj
 .ARM.attributes
                0x0000000000000399       0x34 CMakeFiles/standalone_template.elf.dir/home/petro/SDK_2.8.2_EVK-MIMXRT1010/components/serial_manager/serial_port_uart.c.obj
 .ARM.attributes
                0x00000000000003cd       0x1e /home/petro/gcc-arm-none-eabi-9-2020-q2-update/bin/../lib/gcc/arm-none-eabi/9.3.1/thumb/v7e-m+fp/hard/libgcc.a(_aeabi_uldivmod.o)
 .ARM.attributes
                0x00000000000003eb       0x34 /home/petro/gcc-arm-none-eabi-9-2020-q2-update/bin/../lib/gcc/arm-none-eabi/9.3.1/thumb/v7e-m+fp/hard/libgcc.a(_udivmoddi4.o)
 .ARM.attributes
                0x000000000000041f       0x1e /home/petro/gcc-arm-none-eabi-9-2020-q2-update/bin/../lib/gcc/arm-none-eabi/9.3.1/thumb/v7e-m+fp/hard/libgcc.a(_dvmd_tls.o)
 .ARM.attributes
                0x000000000000043d       0x34 /home/petro/gcc-arm-none-eabi-9-2020-q2-update/bin/../lib/gcc/arm-none-eabi/9.3.1/../../../../arm-none-eabi/lib/thumb/v7e-m+fp/hard/libc_nano.a(lib_a-exit.o)
 .ARM.attributes
                0x0000000000000471       0x32 /home/petro/gcc-arm-none-eabi-9-2020-q2-update/bin/../lib/gcc/arm-none-eabi/9.3.1/../../../../arm-none-eabi/lib/thumb/v7e-m+fp/hard/libc_nano.a(lib_a-impure.o)
 .ARM.attributes
                0x00000000000004a3       0x34 /home/petro/gcc-arm-none-eabi-9-2020-q2-update/bin/../lib/gcc/arm-none-eabi/9.3.1/../../../../arm-none-eabi/lib/thumb/v7e-m+fp/hard/libc_nano.a(lib_a-init.o)
 .ARM.attributes
                0x00000000000004d7       0x34 /home/petro/gcc-arm-none-eabi-9-2020-q2-update/bin/../lib/gcc/arm-none-eabi/9.3.1/../../../../arm-none-eabi/lib/thumb/v7e-m+fp/hard/libc_nano.a(lib_a-memset.o)
 .ARM.attributes
                0x000000000000050b       0x17 /home/petro/gcc-arm-none-eabi-9-2020-q2-update/bin/../lib/gcc/arm-none-eabi/9.3.1/../../../../arm-none-eabi/lib/thumb/v7e-m+fp/hard/libc_nano.a(lib_a-strlen.o)
 .ARM.attributes
                0x0000000000000522       0x34 /home/petro/gcc-arm-none-eabi-9-2020-q2-update/bin/../lib/gcc/arm-none-eabi/9.3.1/../../../../arm-none-eabi/lib/thumb/v7e-m+fp/hard/libnosys.a(_exit.o)
 .ARM.attributes
                0x0000000000000556       0x1e /home/petro/gcc-arm-none-eabi-9-2020-q2-update/bin/../lib/gcc/arm-none-eabi/9.3.1/thumb/v7e-m+fp/hard/crtn.o
                0x0000000000000001                ASSERT ((__StackLimit >= __HeapLimit), region m_data overflowed with stack and heap)
OUTPUT(release/standalone_template.elf elf32-littlearm)
LOAD linker stubs

.comment        0x0000000000000000       0x4c
 .comment       0x0000000000000000       0x4c CMakeFiles/standalone_template.elf.dir/home/petro/MCUXpressoSDK/standalone_template/user/main.cpp.obj
                                         0x4d (size before relaxing)
 .comment       0x000000000000004c       0x4d CMakeFiles/standalone_template.elf.dir/home/petro/MCUXpressoSDK/standalone_template/board/pin_mux.c.obj
 .comment       0x000000000000004c       0x4d CMakeFiles/standalone_template.elf.dir/home/petro/MCUXpressoSDK/standalone_template/board/peripherals.c.obj
 .comment       0x000000000000004c       0x4d CMakeFiles/standalone_template.elf.dir/home/petro/MCUXpressoSDK/standalone_template/board/clock_config.c.obj
 .comment       0x000000000000004c       0x4d CMakeFiles/standalone_template.elf.dir/home/petro/SDK_2.8.2_EVK-MIMXRT1010/devices/MIMXRT1011/drivers/fsl_clock.c.obj
 .comment       0x000000000000004c       0x4d CMakeFiles/standalone_template.elf.dir/home/petro/SDK_2.8.2_EVK-MIMXRT1010/devices/MIMXRT1011/drivers/fsl_common.c.obj
 .comment       0x000000000000004c       0x4d CMakeFiles/standalone_template.elf.dir/home/petro/SDK_2.8.2_EVK-MIMXRT1010/devices/MIMXRT1011/drivers/fsl_lpi2c.c.obj
 .comment       0x000000000000004c       0x4d CMakeFiles/standalone_template.elf.dir/home/petro/SDK_2.8.2_EVK-MIMXRT1010/devices/MIMXRT1011/drivers/fsl_lpuart.c.obj
 .comment       0x000000000000004c       0x4d CMakeFiles/standalone_template.elf.dir/home/petro/SDK_2.8.2_EVK-MIMXRT1010/devices/MIMXRT1011/drivers/fsl_gpio.c.obj
 .comment       0x000000000000004c       0x4d CMakeFiles/standalone_template.elf.dir/home/petro/SDK_2.8.2_EVK-MIMXRT1010/devices/MIMXRT1011/drivers/fsl_flexspi.c.obj
 .comment       0x000000000000004c       0x4d CMakeFiles/standalone_template.elf.dir/home/petro/SDK_2.8.2_EVK-MIMXRT1010/devices/MIMXRT1011/system_MIMXRT1011.c.obj
 .comment       0x000000000000004c       0x4d CMakeFiles/standalone_template.elf.dir/home/petro/SDK_2.8.2_EVK-MIMXRT1010/devices/MIMXRT1011/utilities/str/fsl_str.c.obj
 .comment       0x000000000000004c       0x4d CMakeFiles/standalone_template.elf.dir/home/petro/SDK_2.8.2_EVK-MIMXRT1010/devices/MIMXRT1011/utilities/debug_console/fsl_debug_console.c.obj
 .comment       0x000000000000004c       0x4d CMakeFiles/standalone_template.elf.dir/home/petro/SDK_2.8.2_EVK-MIMXRT1010/components/uart/lpuart_adapter.c.obj
 .comment       0x000000000000004c       0x4d CMakeFiles/standalone_template.elf.dir/home/petro/SDK_2.8.2_EVK-MIMXRT1010/components/serial_manager/serial_manager.c.obj
 .comment       0x000000000000004c       0x4d CMakeFiles/standalone_template.elf.dir/home/petro/SDK_2.8.2_EVK-MIMXRT1010/components/serial_manager/serial_port_uart.c.obj

.debug_frame    0x0000000000000000       0xf4
 .debug_frame   0x0000000000000000       0x2c /home/petro/gcc-arm-none-eabi-9-2020-q2-update/bin/../lib/gcc/arm-none-eabi/9.3.1/thumb/v7e-m+fp/hard/libgcc.a(_aeabi_uldivmod.o)
 .debug_frame   0x000000000000002c       0x34 /home/petro/gcc-arm-none-eabi-9-2020-q2-update/bin/../lib/gcc/arm-none-eabi/9.3.1/thumb/v7e-m+fp/hard/libgcc.a(_udivmoddi4.o)
 .debug_frame   0x0000000000000060       0x28 /home/petro/gcc-arm-none-eabi-9-2020-q2-update/bin/../lib/gcc/arm-none-eabi/9.3.1/../../../../arm-none-eabi/lib/thumb/v7e-m+fp/hard/libc_nano.a(lib_a-exit.o)
 .debug_frame   0x0000000000000088       0x2c /home/petro/gcc-arm-none-eabi-9-2020-q2-update/bin/../lib/gcc/arm-none-eabi/9.3.1/../../../../arm-none-eabi/lib/thumb/v7e-m+fp/hard/libc_nano.a(lib_a-init.o)
 .debug_frame   0x00000000000000b4       0x20 /home/petro/gcc-arm-none-eabi-9-2020-q2-update/bin/../lib/gcc/arm-none-eabi/9.3.1/../../../../arm-none-eabi/lib/thumb/v7e-m+fp/hard/libc_nano.a(lib_a-memset.o)
 .debug_frame   0x00000000000000d4       0x20 /home/petro/gcc-arm-none-eabi-9-2020-q2-update/bin/../lib/gcc/arm-none-eabi/9.3.1/../../../../arm-none-eabi/lib/thumb/v7e-m+fp/hard/libnosys.a(_exit.o)
